

================================================================
== Vitis HLS Report for 'ConvolutionInputGenerator_3u_3u_8u_32u_30u_3u_1u_s'
================================================================
* Date:           Thu May 29 09:36:29 2025

* Version:        2023.2.2 (Build 4101106 on Feb  9 2024)
* Project:        hw
* Solution:       solution1 (Vivado IP Flow Target)
* Product family: zynq
* Target device:  xc7z020-clg400-1


================================================================
== Performance Estimates
================================================================
+ Timing: 
    * Summary: 
    +--------+----------+----------+------------+
    |  Clock |  Target  | Estimated| Uncertainty|
    +--------+----------+----------+------------+
    |ap_clk  |  10.00 ns|  7.670 ns|     2.70 ns|
    +--------+----------+----------+------------+

+ Latency: 
    * Summary: 
    +---------+---------+----------+----------+-----+-----+---------+
    |  Latency (cycles) |  Latency (absolute) |  Interval | Pipeline|
    |   min   |   max   |    min   |    max   | min | max |   Type  |
    +---------+---------+----------+----------+-----+-----+---------+
    |        ?|        ?|         ?|         ?|    ?|    ?|       no|
    +---------+---------+----------+----------+-----+-----+---------+

    + Detail: 
        * Instance: 
        +----------------------------------------------------------------------------------+------------------------------------------------------------------------+---------+---------+----------+----------+-----+-----+---------+
        |                                                                                  |                                                                        |  Latency (cycles) |  Latency (absolute) |  Interval | Pipeline|
        |                                     Instance                                     |                                 Module                                 |   min   |   max   |    min   |    max   | min | max |   Type  |
        +----------------------------------------------------------------------------------+------------------------------------------------------------------------+---------+---------+----------+----------+-----+-----+---------+
        |grp_ConvolutionInputGenerator_Pipeline_VITIS_LOOP_104_1_VITIS_LOOP_105_2_2_fu_58  |ConvolutionInputGenerator_Pipeline_VITIS_LOOP_104_1_VITIS_LOOP_105_2_2  |        ?|        ?|         ?|         ?|    ?|    ?|       no|
        +----------------------------------------------------------------------------------+------------------------------------------------------------------------+---------+---------+----------+----------+-----+-----+---------+

        * Loop: 
        N/A



================================================================
== Utilization Estimates
================================================================
* Summary: 
+-----------------+---------+-----+--------+-------+-----+
|       Name      | BRAM_18K| DSP |   FF   |  LUT  | URAM|
+-----------------+---------+-----+--------+-------+-----+
|DSP              |        -|    -|       -|      -|    -|
|Expression       |        -|    -|       0|     55|    -|
|FIFO             |        -|    -|       -|      -|    -|
|Instance         |        0|    -|     615|   1442|    0|
|Memory           |        -|    -|       -|      -|    -|
|Multiplexer      |        -|    -|       -|     65|    -|
|Register         |        -|    -|      81|      -|    -|
+-----------------+---------+-----+--------+-------+-----+
|Total            |        0|    0|     696|   1562|    0|
+-----------------+---------+-----+--------+-------+-----+
|Available        |      280|  220|  106400|  53200|    0|
+-----------------+---------+-----+--------+-------+-----+
|Utilization (%)  |        0|    0|      ~0|      2|    0|
+-----------------+---------+-----+--------+-------+-----+

+ Detail: 
    * Instance: 
    +----------------------------------------------------------------------------------+------------------------------------------------------------------------+---------+----+-----+------+-----+
    |                                     Instance                                     |                                 Module                                 | BRAM_18K| DSP|  FF |  LUT | URAM|
    +----------------------------------------------------------------------------------+------------------------------------------------------------------------+---------+----+-----+------+-----+
    |grp_ConvolutionInputGenerator_Pipeline_VITIS_LOOP_104_1_VITIS_LOOP_105_2_2_fu_58  |ConvolutionInputGenerator_Pipeline_VITIS_LOOP_104_1_VITIS_LOOP_105_2_2  |        0|   0|  615|  1442|    0|
    +----------------------------------------------------------------------------------+------------------------------------------------------------------------+---------+----+-----+------+-----+
    |Total                                                                             |                                                                        |        0|   0|  615|  1442|    0|
    +----------------------------------------------------------------------------------+------------------------------------------------------------------------+---------+----+-----+------+-----+

    * DSP: 
    N/A

    * Memory: 
    N/A

    * FIFO: 
    N/A

    * Expression: 
    +-----------------+----------+----+---+----+------------+------------+
    |  Variable Name  | Operation| DSP| FF| LUT| Bitwidth P0| Bitwidth P1|
    +-----------------+----------+----+---+----+------------+------------+
    |bound_fu_89_p2   |         +|   0|  0|  53|          46|          46|
    |ap_block_state1  |        or|   0|  0|   2|           1|           1|
    +-----------------+----------+----+---+----+------------+------------+
    |Total            |          |   0|  0|  55|          47|          47|
    +-----------------+----------+----+---+----+------------+------------+

    * Multiplexer: 
    +--------------------+----+-----------+-----+-----------+
    |        Name        | LUT| Input Size| Bits| Total Bits|
    +--------------------+----+-----------+-----+-----------+
    |ap_NS_fsm           |  20|          4|    1|          4|
    |ap_done             |   9|          2|    1|          2|
    |convInp_i_write     |   9|          2|    1|          2|
    |inter0_233_read     |   9|          2|    1|          2|
    |numReps_blk_n       |   9|          2|    1|          2|
    |numReps_c157_blk_n  |   9|          2|    1|          2|
    +--------------------+----+-----------+-----+-----------+
    |Total               |  65|         14|    6|         14|
    +--------------------+----+-----------+-----+-----------+

    * Register: 
    +-----------------------------------------------------------------------------------------------+----+----+-----+-----------+
    |                                              Name                                             | FF | LUT| Bits| Const Bits|
    +-----------------------------------------------------------------------------------------------+----+----+-----+-----------+
    |ap_CS_fsm                                                                                      |   3|   0|    3|          0|
    |ap_done_reg                                                                                    |   1|   0|    1|          0|
    |bound_reg_102                                                                                  |  44|   0|   46|          2|
    |grp_ConvolutionInputGenerator_Pipeline_VITIS_LOOP_104_1_VITIS_LOOP_105_2_2_fu_58_ap_start_reg  |   1|   0|    1|          0|
    |numReps_12_reg_96                                                                              |  32|   0|   32|          0|
    +-----------------------------------------------------------------------------------------------+----+----+-----+-----------+
    |Total                                                                                          |  81|   0|   83|          2|
    +-----------------------------------------------------------------------------------------------+----+----+-----+-----------+



================================================================
== Interface
================================================================
* Summary: 
+-----------------------------+-----+-----+------------+---------------------------------------------------------+--------------+
|          RTL Ports          | Dir | Bits|  Protocol  |                      Source Object                      |    C Type    |
+-----------------------------+-----+-----+------------+---------------------------------------------------------+--------------+
|ap_clk                       |   in|    1|  ap_ctrl_hs|  ConvolutionInputGenerator<3u, 3u, 8u, 32u, 30u, 3u, 1u>|  return value|
|ap_rst                       |   in|    1|  ap_ctrl_hs|  ConvolutionInputGenerator<3u, 3u, 8u, 32u, 30u, 3u, 1u>|  return value|
|ap_start                     |   in|    1|  ap_ctrl_hs|  ConvolutionInputGenerator<3u, 3u, 8u, 32u, 30u, 3u, 1u>|  return value|
|ap_done                      |  out|    1|  ap_ctrl_hs|  ConvolutionInputGenerator<3u, 3u, 8u, 32u, 30u, 3u, 1u>|  return value|
|ap_continue                  |   in|    1|  ap_ctrl_hs|  ConvolutionInputGenerator<3u, 3u, 8u, 32u, 30u, 3u, 1u>|  return value|
|ap_idle                      |  out|    1|  ap_ctrl_hs|  ConvolutionInputGenerator<3u, 3u, 8u, 32u, 30u, 3u, 1u>|  return value|
|ap_ready                     |  out|    1|  ap_ctrl_hs|  ConvolutionInputGenerator<3u, 3u, 8u, 32u, 30u, 3u, 1u>|  return value|
|inter0_233_dout              |   in|   24|     ap_fifo|                                               inter0_233|       pointer|
|inter0_233_num_data_valid    |   in|    8|     ap_fifo|                                               inter0_233|       pointer|
|inter0_233_fifo_cap          |   in|    8|     ap_fifo|                                               inter0_233|       pointer|
|inter0_233_empty_n           |   in|    1|     ap_fifo|                                               inter0_233|       pointer|
|inter0_233_read              |  out|    1|     ap_fifo|                                               inter0_233|       pointer|
|convInp_i_din                |  out|   24|     ap_fifo|                                                convInp_i|       pointer|
|convInp_i_num_data_valid     |   in|    3|     ap_fifo|                                                convInp_i|       pointer|
|convInp_i_fifo_cap           |   in|    3|     ap_fifo|                                                convInp_i|       pointer|
|convInp_i_full_n             |   in|    1|     ap_fifo|                                                convInp_i|       pointer|
|convInp_i_write              |  out|    1|     ap_fifo|                                                convInp_i|       pointer|
|numReps_dout                 |   in|   32|     ap_fifo|                                                  numReps|       pointer|
|numReps_num_data_valid       |   in|    3|     ap_fifo|                                                  numReps|       pointer|
|numReps_fifo_cap             |   in|    3|     ap_fifo|                                                  numReps|       pointer|
|numReps_empty_n              |   in|    1|     ap_fifo|                                                  numReps|       pointer|
|numReps_read                 |  out|    1|     ap_fifo|                                                  numReps|       pointer|
|numReps_c157_din             |  out|   32|     ap_fifo|                                             numReps_c157|       pointer|
|numReps_c157_num_data_valid  |   in|    3|     ap_fifo|                                             numReps_c157|       pointer|
|numReps_c157_fifo_cap        |   in|    3|     ap_fifo|                                             numReps_c157|       pointer|
|numReps_c157_full_n          |   in|    1|     ap_fifo|                                             numReps_c157|       pointer|
|numReps_c157_write           |  out|    1|     ap_fifo|                                             numReps_c157|       pointer|
+-----------------------------+-----+-----+------------+---------------------------------------------------------+--------------+

