

================================================================
== Vitis HLS Report for 'ConvolutionInputGenerator_3u_256u_1u_3u_1u_32u_1u_s'
================================================================
* Date:           Thu May 29 09:37:04 2025

* Version:        2023.2.2 (Build 4101106 on Feb  9 2024)
* Project:        hw
* Solution:       solution1 (Vivado IP Flow Target)
* Product family: zynq
* Target device:  xc7z020-clg400-1


================================================================
== Performance Estimates
================================================================
+ Timing: 
    * Summary: 
    +--------+----------+----------+------------+
    |  Clock |  Target  | Estimated| Uncertainty|
    +--------+----------+----------+------------+
    |ap_clk  |  10.00 ns|  7.670 ns|     2.70 ns|
    +--------+----------+----------+------------+

+ Latency: 
    * Summary: 
    +---------+---------+----------+----------+-----+-----+---------+
    |  Latency (cycles) |  Latency (absolute) |  Interval | Pipeline|
    |   min   |   max   |    min   |    max   | min | max |   Type  |
    +---------+---------+----------+----------+-----+-----+---------+
    |        ?|        ?|         ?|         ?|    ?|    ?|       no|
    +---------+---------+----------+----------+-----+-----+---------+

    + Detail: 
        * Instance: 
        +----------------------------------------------------------------------------------+------------------------------------------------------------------------+---------+---------+----------+----------+-----+-----+---------+
        |                                                                                  |                                                                        |  Latency (cycles) |  Latency (absolute) |  Interval | Pipeline|
        |                                     Instance                                     |                                 Module                                 |   min   |   max   |    min   |    max   | min | max |   Type  |
        +----------------------------------------------------------------------------------+------------------------------------------------------------------------+---------+---------+----------+----------+-----+-----+---------+
        |grp_ConvolutionInputGenerator_Pipeline_VITIS_LOOP_104_1_VITIS_LOOP_105_2_3_fu_58  |ConvolutionInputGenerator_Pipeline_VITIS_LOOP_104_1_VITIS_LOOP_105_2_3  |        ?|        ?|         ?|         ?|    ?|    ?|       no|
        +----------------------------------------------------------------------------------+------------------------------------------------------------------------+---------+---------+----------+----------+-----+-----+---------+

        * Loop: 
        N/A



================================================================
== Utilization Estimates
================================================================
* Summary: 
+-----------------+---------+-----+--------+-------+-----+
|       Name      | BRAM_18K| DSP |   FF   |  LUT  | URAM|
+-----------------+---------+-----+--------+-------+-----+
|DSP              |        -|    -|       -|      -|    -|
|Expression       |        -|    -|       0|     49|    -|
|FIFO             |        -|    -|       -|      -|    -|
|Instance         |        0|    -|     643|   1338|    0|
|Memory           |        -|    -|       -|      -|    -|
|Multiplexer      |        -|    -|       -|     65|    -|
|Register         |        -|    -|      73|      -|    -|
+-----------------+---------+-----+--------+-------+-----+
|Total            |        0|    0|     716|   1452|    0|
+-----------------+---------+-----+--------+-------+-----+
|Available        |      280|  220|  106400|  53200|    0|
+-----------------+---------+-----+--------+-------+-----+
|Utilization (%)  |        0|    0|      ~0|      2|    0|
+-----------------+---------+-----+--------+-------+-----+

+ Detail: 
    * Instance: 
    +----------------------------------------------------------------------------------+------------------------------------------------------------------------+---------+----+-----+------+-----+
    |                                     Instance                                     |                                 Module                                 | BRAM_18K| DSP|  FF |  LUT | URAM|
    +----------------------------------------------------------------------------------+------------------------------------------------------------------------+---------+----+-----+------+-----+
    |grp_ConvolutionInputGenerator_Pipeline_VITIS_LOOP_104_1_VITIS_LOOP_105_2_3_fu_58  |ConvolutionInputGenerator_Pipeline_VITIS_LOOP_104_1_VITIS_LOOP_105_2_3  |        0|   0|  643|  1338|    0|
    +----------------------------------------------------------------------------------+------------------------------------------------------------------------+---------+----+-----+------+-----+
    |Total                                                                             |                                                                        |        0|   0|  643|  1338|    0|
    +----------------------------------------------------------------------------------+------------------------------------------------------------------------+---------+----+-----+------+-----+

    * DSP: 
    N/A

    * Memory: 
    N/A

    * FIFO: 
    N/A

    * Expression: 
    +-----------------+----------+----+---+----+------------+------------+
    |  Variable Name  | Operation| DSP| FF| LUT| Bitwidth P0| Bitwidth P1|
    +-----------------+----------+----+---+----+------------+------------+
    |bound_fu_89_p2   |         +|   0|  0|  47|          40|          40|
    |ap_block_state1  |        or|   0|  0|   2|           1|           1|
    +-----------------+----------+----+---+----+------------+------------+
    |Total            |          |   0|  0|  49|          41|          41|
    +-----------------+----------+----+---+----+------------+------------+

    * Multiplexer: 
    +--------------------+----+-----------+-----+-----------+
    |        Name        | LUT| Input Size| Bits| Total Bits|
    +--------------------+----+-----------+-----+-----------+
    |ap_NS_fsm           |  20|          4|    1|          4|
    |ap_done             |   9|          2|    1|          2|
    |convInp_i31_write   |   9|          2|    1|          2|
    |numReps_blk_n       |   9|          2|    1|          2|
    |numReps_c144_blk_n  |   9|          2|    1|          2|
    |wa_in_i2910_read    |   9|          2|    1|          2|
    +--------------------+----+-----------+-----+-----------+
    |Total               |  65|         14|    6|         14|
    +--------------------+----+-----------+-----+-----------+

    * Register: 
    +-----------------------------------------------------------------------------------------------+----+----+-----+-----------+
    |                                              Name                                             | FF | LUT| Bits| Const Bits|
    +-----------------------------------------------------------------------------------------------+----+----+-----+-----------+
    |ap_CS_fsm                                                                                      |   3|   0|    3|          0|
    |ap_done_reg                                                                                    |   1|   0|    1|          0|
    |bound_reg_102                                                                                  |  36|   0|   40|          4|
    |grp_ConvolutionInputGenerator_Pipeline_VITIS_LOOP_104_1_VITIS_LOOP_105_2_3_fu_58_ap_start_reg  |   1|   0|    1|          0|
    |numReps_13_reg_96                                                                              |  32|   0|   32|          0|
    +-----------------------------------------------------------------------------------------------+----+----+-----+-----------+
    |Total                                                                                          |  73|   0|   77|          4|
    +-----------------------------------------------------------------------------------------------+----+----+-----+-----------+



================================================================
== Interface
================================================================
* Summary: 
+-----------------------------+-----+-----+------------+----------------------------------------------------------+--------------+
|          RTL Ports          | Dir | Bits|  Protocol  |                       Source Object                      |    C Type    |
+-----------------------------+-----+-----+------------+----------------------------------------------------------+--------------+
|ap_clk                       |   in|    1|  ap_ctrl_hs|  ConvolutionInputGenerator<3u, 256u, 1u, 3u, 1u, 32u, 1u>|  return value|
|ap_rst                       |   in|    1|  ap_ctrl_hs|  ConvolutionInputGenerator<3u, 256u, 1u, 3u, 1u, 32u, 1u>|  return value|
|ap_start                     |   in|    1|  ap_ctrl_hs|  ConvolutionInputGenerator<3u, 256u, 1u, 3u, 1u, 32u, 1u>|  return value|
|ap_done                      |  out|    1|  ap_ctrl_hs|  ConvolutionInputGenerator<3u, 256u, 1u, 3u, 1u, 32u, 1u>|  return value|
|ap_continue                  |   in|    1|  ap_ctrl_hs|  ConvolutionInputGenerator<3u, 256u, 1u, 3u, 1u, 32u, 1u>|  return value|
|ap_idle                      |  out|    1|  ap_ctrl_hs|  ConvolutionInputGenerator<3u, 256u, 1u, 3u, 1u, 32u, 1u>|  return value|
|ap_ready                     |  out|    1|  ap_ctrl_hs|  ConvolutionInputGenerator<3u, 256u, 1u, 3u, 1u, 32u, 1u>|  return value|
|wa_in_i2910_dout             |   in|   32|     ap_fifo|                                               wa_in_i2910|       pointer|
|wa_in_i2910_num_data_valid   |   in|    3|     ap_fifo|                                               wa_in_i2910|       pointer|
|wa_in_i2910_fifo_cap         |   in|    3|     ap_fifo|                                               wa_in_i2910|       pointer|
|wa_in_i2910_empty_n          |   in|    1|     ap_fifo|                                               wa_in_i2910|       pointer|
|wa_in_i2910_read             |  out|    1|     ap_fifo|                                               wa_in_i2910|       pointer|
|convInp_i31_din              |  out|   32|     ap_fifo|                                               convInp_i31|       pointer|
|convInp_i31_num_data_valid   |   in|    3|     ap_fifo|                                               convInp_i31|       pointer|
|convInp_i31_fifo_cap         |   in|    3|     ap_fifo|                                               convInp_i31|       pointer|
|convInp_i31_full_n           |   in|    1|     ap_fifo|                                               convInp_i31|       pointer|
|convInp_i31_write            |  out|    1|     ap_fifo|                                               convInp_i31|       pointer|
|numReps_dout                 |   in|   32|     ap_fifo|                                                   numReps|       pointer|
|numReps_num_data_valid       |   in|    4|     ap_fifo|                                                   numReps|       pointer|
|numReps_fifo_cap             |   in|    4|     ap_fifo|                                                   numReps|       pointer|
|numReps_empty_n              |   in|    1|     ap_fifo|                                                   numReps|       pointer|
|numReps_read                 |  out|    1|     ap_fifo|                                                   numReps|       pointer|
|numReps_c144_din             |  out|   32|     ap_fifo|                                              numReps_c144|       pointer|
|numReps_c144_num_data_valid  |   in|    3|     ap_fifo|                                              numReps_c144|       pointer|
|numReps_c144_fifo_cap        |   in|    3|     ap_fifo|                                              numReps_c144|       pointer|
|numReps_c144_full_n          |   in|    1|     ap_fifo|                                              numReps_c144|       pointer|
|numReps_c144_write           |  out|    1|     ap_fifo|                                              numReps_c144|       pointer|
+-----------------------------+-----+-----+------------+----------------------------------------------------------+--------------+

