

================================================================
== Vitis HLS Report for 'DoCompute_Loop_VITIS_LOOP_268_1_proc13'
================================================================
* Date:           Thu May 29 09:37:03 2025

* Version:        2023.2.2 (Build 4101106 on Feb  9 2024)
* Project:        hw
* Solution:       solution1 (Vivado IP Flow Target)
* Product family: zynq
* Target device:  xc7z020-clg400-1


================================================================
== Performance Estimates
================================================================
+ Timing: 
    * Summary: 
    +--------+----------+----------+------------+
    |  Clock |  Target  | Estimated| Uncertainty|
    +--------+----------+----------+------------+
    |ap_clk  |  10.00 ns|  7.390 ns|     2.70 ns|
    +--------+----------+----------+------------+

+ Latency: 
    * Summary: 
    +---------+---------+----------+----------+-----+-----+---------+
    |  Latency (cycles) |  Latency (absolute) |  Interval | Pipeline|
    |   min   |   max   |    min   |    max   | min | max |   Type  |
    +---------+---------+----------+----------+-----+-----+---------+
    |        ?|        ?|         ?|         ?|    ?|    ?|       no|
    +---------+---------+----------+----------+-----+-----+---------+

    + Detail: 
        * Instance: 
        +----------------------------------------------------------------------------+------------------------------------------------------------------+---------+---------+----------+----------+-----+-----+---------+
        |                                                                            |                                                                  |  Latency (cycles) |  Latency (absolute) |  Interval | Pipeline|
        |                                  Instance                                  |                              Module                              |   min   |   max   |    min   |    max   | min | max |   Type  |
        +----------------------------------------------------------------------------+------------------------------------------------------------------+---------+---------+----------+----------+-----+-----+---------+
        |grp_DoCompute_Loop_VITIS_LOOP_268_1_proc13_Pipeline_VITIS_LOOP_268_1_fu_58  |DoCompute_Loop_VITIS_LOOP_268_1_proc13_Pipeline_VITIS_LOOP_268_1  |        ?|        ?|         ?|         ?|    ?|    ?|       no|
        +----------------------------------------------------------------------------+------------------------------------------------------------------+---------+---------+----------+----------+-----+-----+---------+

        * Loop: 
        N/A



================================================================
== Utilization Estimates
================================================================
* Summary: 
+-----------------+---------+-----+--------+-------+-----+
|       Name      | BRAM_18K| DSP |   FF   |  LUT  | URAM|
+-----------------+---------+-----+--------+-------+-----+
|DSP              |        -|    -|       -|      -|    -|
|Expression       |        -|    -|       0|     41|    -|
|FIFO             |        -|    -|       -|      -|    -|
|Instance         |        -|    -|    1066|    325|    -|
|Memory           |        -|    -|       -|      -|    -|
|Multiplexer      |        -|    -|       -|     65|    -|
|Register         |        -|    -|      38|      -|    -|
+-----------------+---------+-----+--------+-------+-----+
|Total            |        0|    0|    1104|    431|    0|
+-----------------+---------+-----+--------+-------+-----+
|Available        |      280|  220|  106400|  53200|    0|
+-----------------+---------+-----+--------+-------+-----+
|Utilization (%)  |        0|    0|       1|     ~0|    0|
+-----------------+---------+-----+--------+-------+-----+

+ Detail: 
    * Instance: 
    +----------------------------------------------------------------------------+------------------------------------------------------------------+---------+----+------+-----+-----+
    |                                  Instance                                  |                              Module                              | BRAM_18K| DSP|  FF  | LUT | URAM|
    +----------------------------------------------------------------------------+------------------------------------------------------------------+---------+----+------+-----+-----+
    |grp_DoCompute_Loop_VITIS_LOOP_268_1_proc13_Pipeline_VITIS_LOOP_268_1_fu_58  |DoCompute_Loop_VITIS_LOOP_268_1_proc13_Pipeline_VITIS_LOOP_268_1  |        0|   0|  1066|  325|    0|
    +----------------------------------------------------------------------------+------------------------------------------------------------------+---------+----+------+-----+-----+
    |Total                                                                       |                                                                  |        0|   0|  1066|  325|    0|
    +----------------------------------------------------------------------------+------------------------------------------------------------------+---------+----+------+-----+-----+

    * DSP: 
    N/A

    * Memory: 
    N/A

    * FIFO: 
    N/A

    * Expression: 
    +---------------------+----------+----+---+----+------------+------------+
    |    Variable Name    | Operation| DSP| FF| LUT| Bitwidth P0| Bitwidth P1|
    +---------------------+----------+----+---+----+------------+------------+
    |totalIters_fu_67_p2  |         +|   0|  0|  39|          32|          32|
    |ap_block_state1      |        or|   0|  0|   2|           1|           1|
    +---------------------+----------+----+---+----+------------+------------+
    |Total                |          |   0|  0|  41|          33|          33|
    +---------------------+----------+----+---+----+------------+------------+

    * Multiplexer: 
    +------------------------------+----+-----------+-----+-----------+
    |             Name             | LUT| Input Size| Bits| Total Bits|
    +------------------------------+----+-----------+-----+-----------+
    |ap_NS_fsm                     |  20|          4|    1|          4|
    |ap_done                       |   9|          2|    1|          2|
    |inter7_read                   |   9|          2|    1|          2|
    |real_start                    |   9|          2|    1|          2|
    |totalIters_10_loc_c136_blk_n  |   9|          2|    1|          2|
    |wa_in_8_write                 |   9|          2|    1|          2|
    +------------------------------+----+-----------+-----+-----------+
    |Total                         |  65|         14|    6|         14|
    +------------------------------+----+-----------+-----+-----------+

    * Register: 
    +-----------------------------------------------------------------------------------------+----+----+-----+-----------+
    |                                           Name                                          | FF | LUT| Bits| Const Bits|
    +-----------------------------------------------------------------------------------------+----+----+-----+-----------+
    |ap_CS_fsm                                                                                |   3|   0|    3|          0|
    |ap_done_reg                                                                              |   1|   0|    1|          0|
    |grp_DoCompute_Loop_VITIS_LOOP_268_1_proc13_Pipeline_VITIS_LOOP_268_1_fu_58_ap_start_reg  |   1|   0|    1|          0|
    |start_once_reg                                                                           |   1|   0|    1|          0|
    |totalIters_reg_73                                                                        |  32|   0|   32|          0|
    +-----------------------------------------------------------------------------------------+----+----+-----+-----------+
    |Total                                                                                    |  38|   0|   38|          0|
    +-----------------------------------------------------------------------------------------+----+----+-----+-----------+



================================================================
== Interface
================================================================
* Summary: 
+---------------------------------------+-----+-----+------------+----------------------------------------+--------------+
|               RTL Ports               | Dir | Bits|  Protocol  |              Source Object             |    C Type    |
+---------------------------------------+-----+-----+------------+----------------------------------------+--------------+
|ap_clk                                 |   in|    1|  ap_ctrl_hs|  DoCompute_Loop_VITIS_LOOP_268_1_proc13|  return value|
|ap_rst                                 |   in|    1|  ap_ctrl_hs|  DoCompute_Loop_VITIS_LOOP_268_1_proc13|  return value|
|ap_start                               |   in|    1|  ap_ctrl_hs|  DoCompute_Loop_VITIS_LOOP_268_1_proc13|  return value|
|start_full_n                           |   in|    1|  ap_ctrl_hs|  DoCompute_Loop_VITIS_LOOP_268_1_proc13|  return value|
|ap_done                                |  out|    1|  ap_ctrl_hs|  DoCompute_Loop_VITIS_LOOP_268_1_proc13|  return value|
|ap_continue                            |   in|    1|  ap_ctrl_hs|  DoCompute_Loop_VITIS_LOOP_268_1_proc13|  return value|
|ap_idle                                |  out|    1|  ap_ctrl_hs|  DoCompute_Loop_VITIS_LOOP_268_1_proc13|  return value|
|ap_ready                               |  out|    1|  ap_ctrl_hs|  DoCompute_Loop_VITIS_LOOP_268_1_proc13|  return value|
|start_out                              |  out|    1|  ap_ctrl_hs|  DoCompute_Loop_VITIS_LOOP_268_1_proc13|  return value|
|start_write                            |  out|    1|  ap_ctrl_hs|  DoCompute_Loop_VITIS_LOOP_268_1_proc13|  return value|
|p_read                                 |   in|   32|     ap_none|                                  p_read|        scalar|
|p_read1                                |   in|   32|     ap_none|                                 p_read1|        scalar|
|wa_in_8_din                            |  out|   32|     ap_fifo|                                 wa_in_8|       pointer|
|wa_in_8_num_data_valid                 |   in|    3|     ap_fifo|                                 wa_in_8|       pointer|
|wa_in_8_fifo_cap                       |   in|    3|     ap_fifo|                                 wa_in_8|       pointer|
|wa_in_8_full_n                         |   in|    1|     ap_fifo|                                 wa_in_8|       pointer|
|wa_in_8_write                          |  out|    1|     ap_fifo|                                 wa_in_8|       pointer|
|inter7_dout                            |   in|  256|     ap_fifo|                                  inter7|       pointer|
|inter7_num_data_valid                  |   in|    2|     ap_fifo|                                  inter7|       pointer|
|inter7_fifo_cap                        |   in|    2|     ap_fifo|                                  inter7|       pointer|
|inter7_empty_n                         |   in|    1|     ap_fifo|                                  inter7|       pointer|
|inter7_read                            |  out|    1|     ap_fifo|                                  inter7|       pointer|
|totalIters_10_loc_c136_din             |  out|   32|     ap_fifo|                  totalIters_10_loc_c136|       pointer|
|totalIters_10_loc_c136_num_data_valid  |   in|    4|     ap_fifo|                  totalIters_10_loc_c136|       pointer|
|totalIters_10_loc_c136_fifo_cap        |   in|    4|     ap_fifo|                  totalIters_10_loc_c136|       pointer|
|totalIters_10_loc_c136_full_n          |   in|    1|     ap_fifo|                  totalIters_10_loc_c136|       pointer|
|totalIters_10_loc_c136_write           |  out|    1|     ap_fifo|                  totalIters_10_loc_c136|       pointer|
+---------------------------------------+-----+-----+------------+----------------------------------------+--------------+

