

================================================================
== Vitis HLS Report for 'DoCompute_Block_ZN25WidthAdjustedOutputStreamILj16ELj128ELj1152EED2Ev_exit_loop'
================================================================
* Date:           Thu May 29 09:36:49 2025

* Version:        2023.2.2 (Build 4101106 on Feb  9 2024)
* Project:        hw
* Solution:       solution1 (Vivado IP Flow Target)
* Product family: zynq
* Target device:  xc7z020-clg400-1


================================================================
== Performance Estimates
================================================================
+ Timing: 
    * Summary: 
    +--------+----------+----------+------------+
    |  Clock |  Target  | Estimated| Uncertainty|
    +--------+----------+----------+------------+
    |ap_clk  |  10.00 ns|  6.186 ns|     2.70 ns|
    +--------+----------+----------+------------+

+ Latency: 
    * Summary: 
    +---------+---------+----------+----------+-----+-----+---------+
    |  Latency (cycles) |  Latency (absolute) |  Interval | Pipeline|
    |   min   |   max   |    min   |    max   | min | max |   Type  |
    +---------+---------+----------+----------+-----+-----+---------+
    |        0|        0|      0 ns|      0 ns|    0|    0|       no|
    +---------+---------+----------+----------+-----+-----+---------+

    + Detail: 
        * Instance: 
        N/A

        * Loop: 
        N/A



================================================================
== Utilization Estimates
================================================================
* Summary: 
+-----------------+---------+-----+--------+-------+-----+
|       Name      | BRAM_18K| DSP |   FF   |  LUT  | URAM|
+-----------------+---------+-----+--------+-------+-----+
|DSP              |        -|    -|       -|      -|    -|
|Expression       |        -|    -|       0|     41|    -|
|FIFO             |        -|    -|       -|      -|    -|
|Instance         |        -|    -|       -|      -|    -|
|Memory           |        -|    -|       -|      -|    -|
|Multiplexer      |        -|    -|       -|     36|    -|
|Register         |        -|    -|      77|      -|    -|
+-----------------+---------+-----+--------+-------+-----+
|Total            |        0|    0|      77|     77|    0|
+-----------------+---------+-----+--------+-------+-----+
|Available        |      280|  220|  106400|  53200|    0|
+-----------------+---------+-----+--------+-------+-----+
|Utilization (%)  |        0|    0|      ~0|     ~0|    0|
+-----------------+---------+-----+--------+-------+-----+

+ Detail: 
    * Instance: 
    N/A

    * DSP: 
    N/A

    * Memory: 
    N/A

    * FIFO: 
    N/A

    * Expression: 
    +-----------------------+----------+----+---+----+------------+------------+
    |     Variable Name     | Operation| DSP| FF| LUT| Bitwidth P0| Bitwidth P1|
    +-----------------------+----------+----+---+----+------------+------------+
    |totalIters_1_fu_40_p2  |         +|   0|  0|  39|          32|          32|
    |ap_block_state1        |        or|   0|  0|   2|           1|           1|
    +-----------------------+----------+----+---+----+------------+------------+
    |Total                  |          |   0|  0|  41|          33|          33|
    +-----------------------+----------+----+---+----+------------+------------+

    * Multiplexer: 
    +-------------+----+-----------+-----+-----------+
    |     Name    | LUT| Input Size| Bits| Total Bits|
    +-------------+----+-----------+-----+-----------+
    |ap_done      |   9|          2|    1|          2|
    |ap_return_0  |   9|          2|   26|         52|
    |ap_return_1  |   9|          2|   26|         52|
    |ap_return_2  |   9|          2|   23|         46|
    +-------------+----+-----------+-----+-----------+
    |Total        |  36|          8|   76|        152|
    +-------------+----+-----------+-----+-----------+

    * Register: 
    +------------------+----+----+-----+-----------+
    |       Name       | FF | LUT| Bits| Const Bits|
    +------------------+----+----+-----+-----------+
    |ap_CS_fsm         |   1|   0|    1|          0|
    |ap_done_reg       |   1|   0|    1|          0|
    |ap_return_0_preg  |  26|   0|   32|          6|
    |ap_return_1_preg  |  26|   0|   32|          6|
    |ap_return_2_preg  |  23|   0|   32|          9|
    +------------------+----+----+-----+-----------+
    |Total             |  77|   0|   98|         21|
    +------------------+----+----+-----+-----------+



================================================================
== Interface
================================================================
* Summary: 
+-------------+-----+-----+------------+----------------------------------------------------------------------------------+--------------+
|  RTL Ports  | Dir | Bits|  Protocol  |                                   Source Object                                  |    C Type    |
+-------------+-----+-----+------------+----------------------------------------------------------------------------------+--------------+
|ap_clk       |   in|    1|  ap_ctrl_hs|  DoCompute_Block__ZN25WidthAdjustedOutputStreamILj16ELj128ELj1152EED2Ev.exit.loop|  return value|
|ap_rst       |   in|    1|  ap_ctrl_hs|  DoCompute_Block__ZN25WidthAdjustedOutputStreamILj16ELj128ELj1152EED2Ev.exit.loop|  return value|
|ap_start     |   in|    1|  ap_ctrl_hs|  DoCompute_Block__ZN25WidthAdjustedOutputStreamILj16ELj128ELj1152EED2Ev.exit.loop|  return value|
|ap_done      |  out|    1|  ap_ctrl_hs|  DoCompute_Block__ZN25WidthAdjustedOutputStreamILj16ELj128ELj1152EED2Ev.exit.loop|  return value|
|ap_continue  |   in|    1|  ap_ctrl_hs|  DoCompute_Block__ZN25WidthAdjustedOutputStreamILj16ELj128ELj1152EED2Ev.exit.loop|  return value|
|ap_idle      |  out|    1|  ap_ctrl_hs|  DoCompute_Block__ZN25WidthAdjustedOutputStreamILj16ELj128ELj1152EED2Ev.exit.loop|  return value|
|ap_ready     |  out|    1|  ap_ctrl_hs|  DoCompute_Block__ZN25WidthAdjustedOutputStreamILj16ELj128ELj1152EED2Ev.exit.loop|  return value|
|ap_return_0  |  out|   32|  ap_ctrl_hs|  DoCompute_Block__ZN25WidthAdjustedOutputStreamILj16ELj128ELj1152EED2Ev.exit.loop|  return value|
|ap_return_1  |  out|   32|  ap_ctrl_hs|  DoCompute_Block__ZN25WidthAdjustedOutputStreamILj16ELj128ELj1152EED2Ev.exit.loop|  return value|
|ap_return_2  |  out|   32|  ap_ctrl_hs|  DoCompute_Block__ZN25WidthAdjustedOutputStreamILj16ELj128ELj1152EED2Ev.exit.loop|  return value|
|numReps      |   in|   26|     ap_none|                                                                           numReps|        scalar|
+-------------+-----+-----+------------+----------------------------------------------------------------------------------+--------------+

