

================================================================
== Vitis HLS Report for 'DoCompute_Block_entry5993_proc'
================================================================
* Date:           Thu May 29 09:36:29 2025

* Version:        2023.2.2 (Build 4101106 on Feb  9 2024)
* Project:        hw
* Solution:       solution1 (Vivado IP Flow Target)
* Product family: zynq
* Target device:  xc7z020-clg400-1


================================================================
== Performance Estimates
================================================================
+ Timing: 
    * Summary: 
    +--------+----------+----------+------------+
    |  Clock |  Target  | Estimated| Uncertainty|
    +--------+----------+----------+------------+
    |ap_clk  |  10.00 ns|  6.912 ns|     2.70 ns|
    +--------+----------+----------+------------+

+ Latency: 
    * Summary: 
    +---------+---------+-----------+-----------+-----+-----+---------+
    |  Latency (cycles) |   Latency (absolute)  |  Interval | Pipeline|
    |   min   |   max   |    min    |    max    | min | max |   Type  |
    +---------+---------+-----------+-----------+-----+-----+---------+
    |        2|        2|  20.000 ns|  20.000 ns|    2|    2|       no|
    +---------+---------+-----------+-----------+-----+-----+---------+

    + Detail: 
        * Instance: 
        N/A

        * Loop: 
        N/A



================================================================
== Utilization Estimates
================================================================
* Summary: 
+-----------------+---------+-----+--------+-------+-----+
|       Name      | BRAM_18K| DSP |   FF   |  LUT  | URAM|
+-----------------+---------+-----+--------+-------+-----+
|DSP              |        -|    -|       -|      -|    -|
|Expression       |        -|    -|       0|      2|    -|
|FIFO             |        -|    -|       -|      -|    -|
|Instance         |        -|    2|     118|     47|    -|
|Memory           |        -|    -|       -|      -|    -|
|Multiplexer      |        -|    -|       -|     47|    -|
|Register         |        -|    -|      64|      -|    -|
+-----------------+---------+-----+--------+-------+-----+
|Total            |        0|    2|     182|     96|    0|
+-----------------+---------+-----+--------+-------+-----+
|Available        |      280|  220|  106400|  53200|    0|
+-----------------+---------+-----+--------+-------+-----+
|Utilization (%)  |        0|   ~0|      ~0|     ~0|    0|
+-----------------+---------+-----+--------+-------+-----+

+ Detail: 
    * Instance: 
    +-------------------------+---------------------+---------+----+-----+----+-----+
    |         Instance        |        Module       | BRAM_18K| DSP|  FF | LUT| URAM|
    +-------------------------+---------------------+---------+----+-----+----+-----+
    |mul_30s_11ns_30_2_1_U38  |mul_30s_11ns_30_2_1  |        0|   2|  118|  47|    0|
    +-------------------------+---------------------+---------+----+-----+----+-----+
    |Total                    |                     |        0|   2|  118|  47|    0|
    +-------------------------+---------------------+---------+----+-----+----+-----+

    * DSP: 
    N/A

    * Memory: 
    N/A

    * FIFO: 
    N/A

    * Expression: 
    +-----------------+----------+----+---+----+------------+------------+
    |  Variable Name  | Operation| DSP| FF| LUT| Bitwidth P0| Bitwidth P1|
    +-----------------+----------+----+---+----+------------+------------+
    |ap_block_state1  |        or|   0|  0|   2|           1|           1|
    +-----------------+----------+----+---+----+------------+------------+
    |Total            |          |   0|  0|   2|           1|           1|
    +-----------------+----------+----+---+----+------------+------------+

    * Multiplexer: 
    +-------------+----+-----------+-----+-----------+
    |     Name    | LUT| Input Size| Bits| Total Bits|
    +-------------+----+-----------+-----+-----------+
    |ap_NS_fsm    |  20|          4|    1|          4|
    |ap_done      |   9|          2|    1|          2|
    |ap_return_0  |   9|          2|   30|         60|
    |ap_return_1  |   9|          2|   30|         60|
    +-------------+----+-----------+-----+-----------+
    |Total        |  47|         10|   62|        126|
    +-------------+----+-----------+-----+-----------+

    * Register: 
    +------------------+----+----+-----+-----------+
    |       Name       | FF | LUT| Bits| Const Bits|
    +------------------+----+----+-----+-----------+
    |ap_CS_fsm         |   3|   0|    3|          0|
    |ap_done_reg       |   1|   0|    1|          0|
    |ap_return_0_preg  |  30|   0|   30|          0|
    |ap_return_1_preg  |  30|   0|   30|          0|
    +------------------+----+----+-----+-----------+
    |Total             |  64|   0|   64|          0|
    +------------------+----+----+-----+-----------+



================================================================
== Interface
================================================================
* Summary: 
+-------------+-----+-----+------------+--------------------------------+--------------+
|  RTL Ports  | Dir | Bits|  Protocol  |          Source Object         |    C Type    |
+-------------+-----+-----+------------+--------------------------------+--------------+
|ap_clk       |   in|    1|  ap_ctrl_hs|  DoCompute_Block_entry5993_proc|  return value|
|ap_rst       |   in|    1|  ap_ctrl_hs|  DoCompute_Block_entry5993_proc|  return value|
|ap_start     |   in|    1|  ap_ctrl_hs|  DoCompute_Block_entry5993_proc|  return value|
|ap_done      |  out|    1|  ap_ctrl_hs|  DoCompute_Block_entry5993_proc|  return value|
|ap_continue  |   in|    1|  ap_ctrl_hs|  DoCompute_Block_entry5993_proc|  return value|
|ap_idle      |  out|    1|  ap_ctrl_hs|  DoCompute_Block_entry5993_proc|  return value|
|ap_ready     |  out|    1|  ap_ctrl_hs|  DoCompute_Block_entry5993_proc|  return value|
|ap_return_0  |  out|   30|  ap_ctrl_hs|  DoCompute_Block_entry5993_proc|  return value|
|ap_return_1  |  out|   30|  ap_ctrl_hs|  DoCompute_Block_entry5993_proc|  return value|
|numReps      |   in|   30|     ap_none|                         numReps|        scalar|
+-------------+-----+-----+------------+--------------------------------+--------------+

