

================================================================
== Vitis HLS Report for 'Matrix_Vector_Activate_Batch_4_Pipeline_VITIS_LOOP_122_1'
================================================================
* Date:           Thu May 29 09:36:30 2025

* Version:        2023.2.2 (Build 4101106 on Feb  9 2024)
* Project:        hw
* Solution:       solution1 (Vivado IP Flow Target)
* Product family: zynq
* Target device:  xc7z020-clg400-1


================================================================
== Performance Estimates
================================================================
+ Timing: 
    * Summary: 
    +--------+----------+----------+------------+
    |  Clock |  Target  | Estimated| Uncertainty|
    +--------+----------+----------+------------+
    |ap_clk  |  10.00 ns|  7.670 ns|     2.70 ns|
    +--------+----------+----------+------------+

+ Latency: 
    * Summary: 
    +---------+---------+----------+----------+-----+-----+---------+
    |  Latency (cycles) |  Latency (absolute) |  Interval | Pipeline|
    |   min   |   max   |    min   |    max   | min | max |   Type  |
    +---------+---------+----------+----------+-----+-----+---------+
    |        ?|        ?|         ?|         ?|    ?|    ?|       no|
    +---------+---------+----------+----------+-----+-----+---------+

    + Detail: 
        * Instance: 
        N/A

        * Loop: 
        +--------------------+---------+---------+----------+-----------+-----------+------+----------+
        |                    |  Latency (cycles) | Iteration|  Initiation Interval  | Trip |          |
        |      Loop Name     |   min   |   max   |  Latency |  achieved |   target  | Count| Pipelined|
        +--------------------+---------+---------+----------+-----------+-----------+------+----------+
        |- VITIS_LOOP_122_1  |        ?|        ?|         5|          1|          1|     ?|       yes|
        +--------------------+---------+---------+----------+-----------+-----------+------+----------+



================================================================
== Utilization Estimates
================================================================
* Summary: 
+-----------------+---------+-----+--------+-------+-----+
|       Name      | BRAM_18K| DSP |   FF   |  LUT  | URAM|
+-----------------+---------+-----+--------+-------+-----+
|DSP              |        -|    -|       -|      -|    -|
|Expression       |        -|    -|       0|   2682|    -|
|FIFO             |        -|    -|       -|      -|    -|
|Instance         |        -|    -|       0|     48|    -|
|Memory           |        -|    -|       -|      -|    -|
|Multiplexer      |        -|    -|       -|    100|    -|
|Register         |        -|    -|    1211|     64|    -|
+-----------------+---------+-----+--------+-------+-----+
|Total            |        0|    0|    1211|   2894|    0|
+-----------------+---------+-----+--------+-------+-----+
|Available        |      280|  220|  106400|  53200|    0|
+-----------------+---------+-----+--------+-------+-----+
|Utilization (%)  |        0|    0|       1|      5|    0|
+-----------------+---------+-----+--------+-------+-----+

+ Detail: 
    * Instance: 
    +---------------------------+-----------------------+---------+----+---+----+-----+
    |          Instance         |         Module        | BRAM_18K| DSP| FF| LUT| URAM|
    +---------------------------+-----------------------+---------+----+---+----+-----+
    |sparsemux_19_4_24_1_1_U41  |sparsemux_19_4_24_1_1  |        0|   0|  0|  48|    0|
    +---------------------------+-----------------------+---------+----+---+----+-----+
    |Total                      |                       |        0|   0|  0|  48|    0|
    +---------------------------+-----------------------+---------+----+---+----+-----+

    * DSP: 
    N/A

    * Memory: 
    N/A

    * FIFO: 
    N/A

    * Expression: 
    +----------------------------------+----------+----+---+----+------------+------------+
    |           Variable Name          | Operation| DSP| FF| LUT| Bitwidth P0| Bitwidth P1|
    +----------------------------------+----------+----+---+----+------------+------------+
    |add_ln169_673_fu_2632_p2          |         +|   0|  0|  24|          24|          24|
    |add_ln169_674_fu_1187_p2          |         +|   0|  0|  12|          12|          12|
    |add_ln169_675_fu_2641_p2          |         +|   0|  0|  31|          24|          24|
    |add_ln169_676_fu_1275_p2          |         +|   0|  0|  12|          12|          12|
    |add_ln169_677_fu_2650_p2          |         +|   0|  0|  31|          24|          24|
    |add_ln169_678_fu_1363_p2          |         +|   0|  0|  12|          12|          12|
    |add_ln169_679_fu_2659_p2          |         +|   0|  0|  31|          24|          24|
    |add_ln169_680_fu_1451_p2          |         +|   0|  0|  12|          12|          12|
    |add_ln169_681_fu_2668_p2          |         +|   0|  0|  31|          24|          24|
    |add_ln169_682_fu_1539_p2          |         +|   0|  0|  12|          12|          12|
    |add_ln169_683_fu_2677_p2          |         +|   0|  0|  31|          24|          24|
    |add_ln169_684_fu_1627_p2          |         +|   0|  0|  12|          12|          12|
    |add_ln169_685_fu_2686_p2          |         +|   0|  0|  31|          24|          24|
    |add_ln169_686_fu_1715_p2          |         +|   0|  0|  12|          12|          12|
    |add_ln169_687_fu_2695_p2          |         +|   0|  0|  31|          24|          24|
    |add_ln169_688_fu_1803_p2          |         +|   0|  0|  12|          12|          12|
    |add_ln169_689_fu_2704_p2          |         +|   0|  0|  31|          24|          24|
    |add_ln169_690_fu_1891_p2          |         +|   0|  0|  12|          12|          12|
    |add_ln169_691_fu_2713_p2          |         +|   0|  0|  31|          24|          24|
    |add_ln169_692_fu_1979_p2          |         +|   0|  0|  12|          12|          12|
    |add_ln169_693_fu_2722_p2          |         +|   0|  0|  31|          24|          24|
    |add_ln169_694_fu_2067_p2          |         +|   0|  0|  12|          12|          12|
    |add_ln169_695_fu_2731_p2          |         +|   0|  0|  31|          24|          24|
    |add_ln169_696_fu_2155_p2          |         +|   0|  0|  12|          12|          12|
    |add_ln169_697_fu_2740_p2          |         +|   0|  0|  31|          24|          24|
    |add_ln169_698_fu_2243_p2          |         +|   0|  0|  12|          12|          12|
    |add_ln169_699_fu_2749_p2          |         +|   0|  0|  31|          24|          24|
    |add_ln169_700_fu_2331_p2          |         +|   0|  0|  12|          12|          12|
    |add_ln169_701_fu_2758_p2          |         +|   0|  0|  31|          24|          24|
    |add_ln169_702_fu_2419_p2          |         +|   0|  0|  12|          12|          12|
    |add_ln169_703_fu_2767_p2          |         +|   0|  0|  31|          24|          24|
    |add_ln169_fu_2626_p2              |         +|   0|  0|  24|          24|          24|
    |i_17_fu_758_p2                    |         +|   0|  0|  39|          32|           1|
    |nf_fu_797_p2                      |         +|   0|  0|  39|          32|           1|
    |sf_12_fu_780_p2                   |         +|   0|  0|  39|          32|           1|
    |tile_15_fu_970_p2                 |         +|   0|  0|  39|          32|           1|
    |tmp10030_i_fu_1141_p2             |         +|   0|  0|  13|          10|          10|
    |tmp10228_i_fu_1229_p2             |         +|   0|  0|  13|          10|          10|
    |tmp10426_i_fu_1317_p2             |         +|   0|  0|  13|          10|          10|
    |tmp10624_i_fu_1405_p2             |         +|   0|  0|  13|          10|          10|
    |tmp10822_i_fu_1493_p2             |         +|   0|  0|  13|          10|          10|
    |tmp11020_i_fu_1581_p2             |         +|   0|  0|  13|          10|          10|
    |tmp11218_i_fu_1669_p2             |         +|   0|  0|  13|          10|          10|
    |tmp11416_i_fu_1757_p2             |         +|   0|  0|  13|          10|          10|
    |tmp11614_i_fu_1845_p2             |         +|   0|  0|  13|          10|          10|
    |tmp11812_i_fu_1933_p2             |         +|   0|  0|  13|          10|          10|
    |tmp12010_i_fu_2021_p2             |         +|   0|  0|  13|          10|          10|
    |tmp1228_i_fu_2109_p2              |         +|   0|  0|  13|          10|          10|
    |tmp1246_i_fu_2197_p2              |         +|   0|  0|  13|          10|          10|
    |tmp1264_i_fu_2285_p2              |         +|   0|  0|  13|          10|          10|
    |tmp1282_i_fu_2373_p2              |         +|   0|  0|  13|          10|          10|
    |tmp32_i_fu_1063_p2                |         +|   0|  0|  13|          10|          10|
    |sub_ln89_1_fu_1041_p2             |         -|   0|  0|  14|           1|           9|
    |sub_ln89_2_fu_1091_p2             |         -|   0|  0|  14|           1|           9|
    |sub_ln89_fu_1005_p2               |         -|   0|  0|  14|           1|           9|
    |ap_block_state3_pp0_stage0_iter2  |       and|   0|  0|   2|           1|           1|
    |ap_block_state6_pp0_stage0_iter5  |       and|   0|  0|   2|           1|           1|
    |ap_condition_2094                 |       and|   0|  0|   2|           1|           1|
    |ap_predicate_op78_read_state3     |       and|   0|  0|   2|           1|           1|
    |icmp_ln122_fu_753_p2              |      icmp|   0|  0|  39|          32|          32|
    |icmp_ln125_fu_768_p2              |      icmp|   0|  0|  39|          32|           1|
    |icmp_ln137_fu_774_p2              |      icmp|   0|  0|  39|          32|           1|
    |icmp_ln159_fu_786_p2              |      icmp|   0|  0|  39|          32|           4|
    |icmp_ln173_fu_803_p2              |      icmp|   0|  0|  39|          32|           3|
    |result_50_fu_2779_p2              |      icmp|   0|  0|  31|          24|          24|
    |result_51_fu_2785_p2              |      icmp|   0|  0|  31|          24|          24|
    |result_52_fu_2791_p2              |      icmp|   0|  0|  31|          24|          24|
    |result_53_fu_2797_p2              |      icmp|   0|  0|  31|          24|          24|
    |result_54_fu_2803_p2              |      icmp|   0|  0|  31|          24|          24|
    |result_55_fu_2809_p2              |      icmp|   0|  0|  31|          24|          24|
    |result_56_fu_2815_p2              |      icmp|   0|  0|  31|          24|          24|
    |result_57_fu_2821_p2              |      icmp|   0|  0|  31|          24|          24|
    |result_58_fu_2827_p2              |      icmp|   0|  0|  31|          24|          24|
    |result_59_fu_2833_p2              |      icmp|   0|  0|  31|          24|          24|
    |result_60_fu_2839_p2              |      icmp|   0|  0|  31|          24|          24|
    |result_61_fu_2845_p2              |      icmp|   0|  0|  31|          24|          24|
    |result_62_fu_2851_p2              |      icmp|   0|  0|  31|          24|          24|
    |result_63_fu_2857_p2              |      icmp|   0|  0|  31|          24|          24|
    |result_64_fu_2863_p2              |      icmp|   0|  0|  31|          24|          24|
    |result_fu_2773_p2                 |      icmp|   0|  0|  31|          24|          24|
    |ap_block_pp0_stage0_01001         |        or|   0|  0|   2|           1|           1|
    |nf_15_fu_809_p3                   |    select|   0|  0|  32|           1|           1|
    |select_ln137_19_fu_2499_p3        |    select|   0|  0|  24|           1|           1|
    |select_ln137_20_fu_2506_p3        |    select|   0|  0|  24|           1|           1|
    |select_ln137_21_fu_2513_p3        |    select|   0|  0|  24|           1|           1|
    |select_ln137_22_fu_2520_p3        |    select|   0|  0|  24|           1|           1|
    |select_ln137_23_fu_2527_p3        |    select|   0|  0|  24|           1|           1|
    |select_ln137_24_fu_2534_p3        |    select|   0|  0|  24|           1|           1|
    |select_ln137_25_fu_2541_p3        |    select|   0|  0|  24|           1|           1|
    |select_ln137_26_fu_2548_p3        |    select|   0|  0|  24|           1|           1|
    |select_ln137_27_fu_2555_p3        |    select|   0|  0|  24|           1|           1|
    |select_ln137_28_fu_2562_p3        |    select|   0|  0|  24|           1|           1|
    |select_ln137_29_fu_2569_p3        |    select|   0|  0|  24|           1|           1|
    |select_ln137_30_fu_2576_p3        |    select|   0|  0|  24|           1|           1|
    |select_ln137_31_fu_2583_p3        |    select|   0|  0|  24|           1|           1|
    |select_ln137_32_fu_2590_p3        |    select|   0|  0|  24|           1|           1|
    |select_ln137_33_fu_2597_p3        |    select|   0|  0|  24|           1|           1|
    |select_ln137_fu_2492_p3           |    select|   0|  0|  24|           1|           1|
    |select_ln89_10_fu_1301_p3         |    select|   0|  0|   9|           1|           9|
    |select_ln89_11_fu_1343_p3         |    select|   0|  0|   9|           1|           9|
    |select_ln89_12_fu_1373_p3         |    select|   0|  0|   9|           1|           9|
    |select_ln89_13_fu_1389_p3         |    select|   0|  0|   9|           1|           9|
    |select_ln89_14_fu_1431_p3         |    select|   0|  0|   9|           1|           9|
    |select_ln89_15_fu_1461_p3         |    select|   0|  0|   9|           1|           9|
    |select_ln89_16_fu_1477_p3         |    select|   0|  0|   9|           1|           9|
    |select_ln89_17_fu_1519_p3         |    select|   0|  0|   9|           1|           9|
    |select_ln89_18_fu_1549_p3         |    select|   0|  0|   9|           1|           9|
    |select_ln89_19_fu_1565_p3         |    select|   0|  0|   9|           1|           9|
    |select_ln89_1_fu_1047_p3          |    select|   0|  0|   9|           1|           9|
    |select_ln89_20_fu_1607_p3         |    select|   0|  0|   9|           1|           9|
    |select_ln89_21_fu_1637_p3         |    select|   0|  0|   9|           1|           9|
    |select_ln89_22_fu_1653_p3         |    select|   0|  0|   9|           1|           9|
    |select_ln89_23_fu_1695_p3         |    select|   0|  0|   9|           1|           9|
    |select_ln89_24_fu_1725_p3         |    select|   0|  0|   9|           1|           9|
    |select_ln89_25_fu_1741_p3         |    select|   0|  0|   9|           1|           9|
    |select_ln89_26_fu_1783_p3         |    select|   0|  0|   9|           1|           9|
    |select_ln89_27_fu_1813_p3         |    select|   0|  0|   9|           1|           9|
    |select_ln89_28_fu_1829_p3         |    select|   0|  0|   9|           1|           9|
    |select_ln89_29_fu_1871_p3         |    select|   0|  0|   9|           1|           9|
    |select_ln89_2_fu_1097_p3          |    select|   0|  0|   9|           1|           9|
    |select_ln89_30_fu_1901_p3         |    select|   0|  0|   9|           1|           9|
    |select_ln89_31_fu_1917_p3         |    select|   0|  0|   9|           1|           9|
    |select_ln89_32_fu_1959_p3         |    select|   0|  0|   9|           1|           9|
    |select_ln89_33_fu_1989_p3         |    select|   0|  0|   9|           1|           9|
    |select_ln89_34_fu_2005_p3         |    select|   0|  0|   9|           1|           9|
    |select_ln89_35_fu_2047_p3         |    select|   0|  0|   9|           1|           9|
    |select_ln89_36_fu_2077_p3         |    select|   0|  0|   9|           1|           9|
    |select_ln89_37_fu_2093_p3         |    select|   0|  0|   9|           1|           9|
    |select_ln89_38_fu_2135_p3         |    select|   0|  0|   9|           1|           9|
    |select_ln89_39_fu_2165_p3         |    select|   0|  0|   9|           1|           9|
    |select_ln89_3_fu_1109_p3          |    select|   0|  0|   9|           1|           9|
    |select_ln89_40_fu_2181_p3         |    select|   0|  0|   9|           1|           9|
    |select_ln89_41_fu_2223_p3         |    select|   0|  0|   9|           1|           9|
    |select_ln89_42_fu_2253_p3         |    select|   0|  0|   9|           1|           9|
    |select_ln89_43_fu_2269_p3         |    select|   0|  0|   9|           1|           9|
    |select_ln89_44_fu_2311_p3         |    select|   0|  0|   9|           1|           9|
    |select_ln89_45_fu_2341_p3         |    select|   0|  0|   9|           1|           9|
    |select_ln89_46_fu_2357_p3         |    select|   0|  0|   9|           1|           9|
    |select_ln89_47_fu_2399_p3         |    select|   0|  0|   9|           1|           9|
    |select_ln89_4_fu_1125_p3          |    select|   0|  0|   9|           1|           9|
    |select_ln89_5_fu_1167_p3          |    select|   0|  0|   9|           1|           9|
    |select_ln89_6_fu_1197_p3          |    select|   0|  0|   9|           1|           9|
    |select_ln89_7_fu_1213_p3          |    select|   0|  0|   9|           1|           9|
    |select_ln89_8_fu_1255_p3          |    select|   0|  0|   9|           1|           9|
    |select_ln89_9_fu_1285_p3          |    select|   0|  0|   9|           1|           9|
    |select_ln89_fu_1011_p3            |    select|   0|  0|   9|           1|           9|
    |tile_16_fu_981_p3                 |    select|   0|  0|  32|           1|           1|
    |ap_enable_pp0                     |       xor|   0|  0|   2|           1|           2|
    +----------------------------------+----------+----+---+----+------------+------------+
    |Total                             |          |   0|  0|2682|        1495|        1661|
    +----------------------------------+----------+----+---+----+------------+------------+

    * Multiplexer: 
    +-------------------------------------+----+-----------+-----+-----------+
    |                 Name                | LUT| Input Size| Bits| Total Bits|
    +-------------------------------------+----+-----------+-----+-----------+
    |ap_done_int                          |   9|          2|    1|          2|
    |ap_enable_reg_pp0_iter1              |   9|          2|    1|          2|
    |ap_enable_reg_pp0_iter2              |   9|          2|    1|          2|
    |ap_phi_reg_pp0_iter3_inElem_reg_699  |  14|          3|   24|         72|
    |convInp_5_blk_n                      |   9|          2|    1|          2|
    |i_fu_156                             |   9|          2|   32|         64|
    |mvOut_m_buffer_10_blk_n              |   9|          2|    1|          2|
    |nf_13_fu_260                         |   9|          2|   32|         64|
    |sf_fu_152                            |   9|          2|   32|         64|
    |tile_fu_148                          |  14|          3|   32|         96|
    +-------------------------------------+----+-----------+-----+-----------+
    |Total                                | 100|         22|  157|        370|
    +-------------------------------------+----+-----------+-----+-----------+

    * Register: 
    +-------------------------------------+----+----+-----+-----------+
    |                 Name                | FF | LUT| Bits| Const Bits|
    +-------------------------------------+----+----+-----+-----------+
    |add_ln169_674_reg_3310               |  11|   0|   12|          1|
    |add_ln169_676_reg_3315               |  11|   0|   12|          1|
    |add_ln169_678_reg_3320               |  11|   0|   12|          1|
    |add_ln169_680_reg_3325               |  11|   0|   12|          1|
    |add_ln169_682_reg_3330               |  11|   0|   12|          1|
    |add_ln169_684_reg_3335               |  11|   0|   12|          1|
    |add_ln169_686_reg_3340               |  11|   0|   12|          1|
    |add_ln169_688_reg_3345               |  11|   0|   12|          1|
    |add_ln169_690_reg_3350               |  11|   0|   12|          1|
    |add_ln169_692_reg_3355               |  11|   0|   12|          1|
    |add_ln169_694_reg_3360               |  11|   0|   12|          1|
    |add_ln169_696_reg_3365               |  11|   0|   12|          1|
    |add_ln169_698_reg_3370               |  11|   0|   12|          1|
    |add_ln169_700_reg_3375               |  11|   0|   12|          1|
    |add_ln169_702_reg_3380               |  11|   0|   12|          1|
    |ap_CS_fsm                            |   1|   0|    1|          0|
    |ap_done_reg                          |   1|   0|    1|          0|
    |ap_enable_reg_pp0_iter1              |   1|   0|    1|          0|
    |ap_enable_reg_pp0_iter2              |   1|   0|    1|          0|
    |ap_enable_reg_pp0_iter3              |   1|   0|    1|          0|
    |ap_enable_reg_pp0_iter4              |   1|   0|    1|          0|
    |ap_enable_reg_pp0_iter5              |   1|   0|    1|          0|
    |ap_loop_exit_ready_pp0_iter2_reg     |   1|   0|    1|          0|
    |ap_loop_exit_ready_pp0_iter3_reg     |   1|   0|    1|          0|
    |ap_loop_exit_ready_pp0_iter4_reg     |   1|   0|    1|          0|
    |ap_phi_reg_pp0_iter1_inElem_reg_699  |  24|   0|   24|          0|
    |ap_phi_reg_pp0_iter2_inElem_reg_699  |  24|   0|   24|          0|
    |ap_phi_reg_pp0_iter3_inElem_reg_699  |  24|   0|   24|          0|
    |i_fu_156                             |  32|   0|   32|          0|
    |icmp_ln122_reg_3160                  |   1|   0|    1|          0|
    |icmp_ln125_reg_3169                  |   1|   0|    1|          0|
    |icmp_ln137_reg_3173                  |   1|   0|    1|          0|
    |icmp_ln159_reg_3193                  |   1|   0|    1|          0|
    |icmp_ln173_reg_3197                  |   1|   0|    1|          0|
    |inputBuf_210_fu_228                  |  24|   0|   24|          0|
    |inputBuf_211_fu_232                  |  24|   0|   24|          0|
    |inputBuf_212_fu_236                  |  24|   0|   24|          0|
    |inputBuf_213_fu_240                  |  24|   0|   24|          0|
    |inputBuf_214_fu_244                  |  24|   0|   24|          0|
    |inputBuf_215_fu_248                  |  24|   0|   24|          0|
    |inputBuf_216_fu_252                  |  24|   0|   24|          0|
    |inputBuf_217_fu_256                  |  24|   0|   24|          0|
    |inputBuf_fu_224                      |  24|   0|   24|          0|
    |nf_13_fu_260                         |  32|   0|   32|          0|
    |nf_14_reg_3155                       |  32|   0|   32|          0|
    |nf_14_reg_3155_pp0_iter2_reg         |  32|   0|   32|          0|
    |p_0_0_073156_i_fu_160                |  24|   0|   24|          0|
    |p_0_0_073_10176_i_fu_200             |  24|   0|   24|          0|
    |p_0_0_073_11178_i_fu_204             |  24|   0|   24|          0|
    |p_0_0_073_1158_i_fu_164              |  24|   0|   24|          0|
    |p_0_0_073_12180_i_fu_208             |  24|   0|   24|          0|
    |p_0_0_073_13182_i_fu_212             |  24|   0|   24|          0|
    |p_0_0_073_14184_i_fu_216             |  24|   0|   24|          0|
    |p_0_0_073_15186_i_fu_220             |  24|   0|   24|          0|
    |p_0_0_073_2160_i_fu_168              |  24|   0|   24|          0|
    |p_0_0_073_3162_i_fu_172              |  24|   0|   24|          0|
    |p_0_0_073_4164_i_fu_176              |  24|   0|   24|          0|
    |p_0_0_073_5166_i_fu_180              |  24|   0|   24|          0|
    |p_0_0_073_6168_i_fu_184              |  24|   0|   24|          0|
    |p_0_0_073_7170_i_fu_188              |  24|   0|   24|          0|
    |p_0_0_073_8172_i_fu_192              |  24|   0|   24|          0|
    |p_0_0_073_9174_i_fu_196              |  24|   0|   24|          0|
    |result_50_reg_3470                   |   1|   0|    1|          0|
    |result_51_reg_3475                   |   1|   0|    1|          0|
    |result_52_reg_3480                   |   1|   0|    1|          0|
    |result_53_reg_3485                   |   1|   0|    1|          0|
    |result_54_reg_3490                   |   1|   0|    1|          0|
    |result_55_reg_3495                   |   1|   0|    1|          0|
    |result_56_reg_3500                   |   1|   0|    1|          0|
    |result_57_reg_3505                   |   1|   0|    1|          0|
    |result_58_reg_3510                   |   1|   0|    1|          0|
    |result_59_reg_3515                   |   1|   0|    1|          0|
    |result_60_reg_3520                   |   1|   0|    1|          0|
    |result_61_reg_3525                   |   1|   0|    1|          0|
    |result_62_reg_3530                   |   1|   0|    1|          0|
    |result_63_reg_3535                   |   1|   0|    1|          0|
    |result_64_reg_3540                   |   1|   0|    1|          0|
    |result_reg_3465                      |   1|   0|    1|          0|
    |select_ln89_2_reg_3305               |   9|   0|    9|          0|
    |sf_fu_152                            |  32|   0|   32|          0|
    |tile_fu_148                          |  32|   0|   32|          0|
    |tmp32_i_reg_3300                     |  10|   0|   10|          0|
    |trunc_ln117_reg_3164                 |   4|   0|    4|          0|
    |icmp_ln137_reg_3173                  |  64|  32|    1|          0|
    |icmp_ln159_reg_3193                  |  64|  32|    1|          0|
    +-------------------------------------+----+----+-----+-----------+
    |Total                                |1211|  64| 1100|         15|
    +-------------------------------------+----+----+-----+-----------+



================================================================
== Interface
================================================================
* Summary: 
+----------------------------------+-----+-----+------------+----------------------------------------------------------+--------------+
|             RTL Ports            | Dir | Bits|  Protocol  |                       Source Object                      |    C Type    |
+----------------------------------+-----+-----+------------+----------------------------------------------------------+--------------+
|ap_clk                            |   in|    1|  ap_ctrl_hs|  Matrix_Vector_Activate_Batch.4_Pipeline_VITIS_LOOP_122_1|  return value|
|ap_rst                            |   in|    1|  ap_ctrl_hs|  Matrix_Vector_Activate_Batch.4_Pipeline_VITIS_LOOP_122_1|  return value|
|ap_start                          |   in|    1|  ap_ctrl_hs|  Matrix_Vector_Activate_Batch.4_Pipeline_VITIS_LOOP_122_1|  return value|
|ap_done                           |  out|    1|  ap_ctrl_hs|  Matrix_Vector_Activate_Batch.4_Pipeline_VITIS_LOOP_122_1|  return value|
|ap_idle                           |  out|    1|  ap_ctrl_hs|  Matrix_Vector_Activate_Batch.4_Pipeline_VITIS_LOOP_122_1|  return value|
|ap_ready                          |  out|    1|  ap_ctrl_hs|  Matrix_Vector_Activate_Batch.4_Pipeline_VITIS_LOOP_122_1|  return value|
|convInp_5_dout                    |   in|   24|     ap_fifo|                                                 convInp_5|       pointer|
|convInp_5_num_data_valid          |   in|    3|     ap_fifo|                                                 convInp_5|       pointer|
|convInp_5_fifo_cap                |   in|    3|     ap_fifo|                                                 convInp_5|       pointer|
|convInp_5_empty_n                 |   in|    1|     ap_fifo|                                                 convInp_5|       pointer|
|convInp_5_read                    |  out|    1|     ap_fifo|                                                 convInp_5|       pointer|
|mvOut_m_buffer_10_din             |  out|   16|     ap_fifo|                                         mvOut_m_buffer_10|       pointer|
|mvOut_m_buffer_10_num_data_valid  |   in|    3|     ap_fifo|                                         mvOut_m_buffer_10|       pointer|
|mvOut_m_buffer_10_fifo_cap        |   in|    3|     ap_fifo|                                         mvOut_m_buffer_10|       pointer|
|mvOut_m_buffer_10_full_n          |   in|    1|     ap_fifo|                                         mvOut_m_buffer_10|       pointer|
|mvOut_m_buffer_10_write           |  out|    1|     ap_fifo|                                         mvOut_m_buffer_10|       pointer|
|mul_i                             |   in|   32|     ap_none|                                                     mul_i|        scalar|
|p_ZL8weights0_0_address0          |  out|    6|   ap_memory|                                           p_ZL8weights0_0|         array|
|p_ZL8weights0_0_ce0               |  out|    1|   ap_memory|                                           p_ZL8weights0_0|         array|
|p_ZL8weights0_0_q0                |   in|    3|   ap_memory|                                           p_ZL8weights0_0|         array|
|p_ZL8weights0_1_address0          |  out|    6|   ap_memory|                                           p_ZL8weights0_1|         array|
|p_ZL8weights0_1_ce0               |  out|    1|   ap_memory|                                           p_ZL8weights0_1|         array|
|p_ZL8weights0_1_q0                |   in|    3|   ap_memory|                                           p_ZL8weights0_1|         array|
|p_ZL8weights0_2_address0          |  out|    6|   ap_memory|                                           p_ZL8weights0_2|         array|
|p_ZL8weights0_2_ce0               |  out|    1|   ap_memory|                                           p_ZL8weights0_2|         array|
|p_ZL8weights0_2_q0                |   in|    3|   ap_memory|                                           p_ZL8weights0_2|         array|
|p_ZL8weights0_3_address0          |  out|    6|   ap_memory|                                           p_ZL8weights0_3|         array|
|p_ZL8weights0_3_ce0               |  out|    1|   ap_memory|                                           p_ZL8weights0_3|         array|
|p_ZL8weights0_3_q0                |   in|    3|   ap_memory|                                           p_ZL8weights0_3|         array|
|p_ZL8weights0_4_address0          |  out|    6|   ap_memory|                                           p_ZL8weights0_4|         array|
|p_ZL8weights0_4_ce0               |  out|    1|   ap_memory|                                           p_ZL8weights0_4|         array|
|p_ZL8weights0_4_q0                |   in|    3|   ap_memory|                                           p_ZL8weights0_4|         array|
|p_ZL8weights0_5_address0          |  out|    6|   ap_memory|                                           p_ZL8weights0_5|         array|
|p_ZL8weights0_5_ce0               |  out|    1|   ap_memory|                                           p_ZL8weights0_5|         array|
|p_ZL8weights0_5_q0                |   in|    3|   ap_memory|                                           p_ZL8weights0_5|         array|
|p_ZL8weights0_6_address0          |  out|    6|   ap_memory|                                           p_ZL8weights0_6|         array|
|p_ZL8weights0_6_ce0               |  out|    1|   ap_memory|                                           p_ZL8weights0_6|         array|
|p_ZL8weights0_6_q0                |   in|    3|   ap_memory|                                           p_ZL8weights0_6|         array|
|p_ZL8weights0_7_address0          |  out|    6|   ap_memory|                                           p_ZL8weights0_7|         array|
|p_ZL8weights0_7_ce0               |  out|    1|   ap_memory|                                           p_ZL8weights0_7|         array|
|p_ZL8weights0_7_q0                |   in|    3|   ap_memory|                                           p_ZL8weights0_7|         array|
|p_ZL8weights0_8_address0          |  out|    6|   ap_memory|                                           p_ZL8weights0_8|         array|
|p_ZL8weights0_8_ce0               |  out|    1|   ap_memory|                                           p_ZL8weights0_8|         array|
|p_ZL8weights0_8_q0                |   in|    3|   ap_memory|                                           p_ZL8weights0_8|         array|
|p_ZL8weights0_9_address0          |  out|    6|   ap_memory|                                           p_ZL8weights0_9|         array|
|p_ZL8weights0_9_ce0               |  out|    1|   ap_memory|                                           p_ZL8weights0_9|         array|
|p_ZL8weights0_9_q0                |   in|    3|   ap_memory|                                           p_ZL8weights0_9|         array|
|p_ZL8weights0_10_address0         |  out|    6|   ap_memory|                                          p_ZL8weights0_10|         array|
|p_ZL8weights0_10_ce0              |  out|    1|   ap_memory|                                          p_ZL8weights0_10|         array|
|p_ZL8weights0_10_q0               |   in|    3|   ap_memory|                                          p_ZL8weights0_10|         array|
|p_ZL8weights0_11_address0         |  out|    6|   ap_memory|                                          p_ZL8weights0_11|         array|
|p_ZL8weights0_11_ce0              |  out|    1|   ap_memory|                                          p_ZL8weights0_11|         array|
|p_ZL8weights0_11_q0               |   in|    3|   ap_memory|                                          p_ZL8weights0_11|         array|
|p_ZL8weights0_12_address0         |  out|    6|   ap_memory|                                          p_ZL8weights0_12|         array|
|p_ZL8weights0_12_ce0              |  out|    1|   ap_memory|                                          p_ZL8weights0_12|         array|
|p_ZL8weights0_12_q0               |   in|    3|   ap_memory|                                          p_ZL8weights0_12|         array|
|p_ZL8weights0_13_address0         |  out|    6|   ap_memory|                                          p_ZL8weights0_13|         array|
|p_ZL8weights0_13_ce0              |  out|    1|   ap_memory|                                          p_ZL8weights0_13|         array|
|p_ZL8weights0_13_q0               |   in|    3|   ap_memory|                                          p_ZL8weights0_13|         array|
|p_ZL8weights0_14_address0         |  out|    6|   ap_memory|                                          p_ZL8weights0_14|         array|
|p_ZL8weights0_14_ce0              |  out|    1|   ap_memory|                                          p_ZL8weights0_14|         array|
|p_ZL8weights0_14_q0               |   in|    3|   ap_memory|                                          p_ZL8weights0_14|         array|
|p_ZL8weights0_15_address0         |  out|    6|   ap_memory|                                          p_ZL8weights0_15|         array|
|p_ZL8weights0_15_ce0              |  out|    1|   ap_memory|                                          p_ZL8weights0_15|         array|
|p_ZL8weights0_15_q0               |   in|    3|   ap_memory|                                          p_ZL8weights0_15|         array|
|p_ZL8threshs0_0_address0          |  out|    2|   ap_memory|                                           p_ZL8threshs0_0|         array|
|p_ZL8threshs0_0_ce0               |  out|    1|   ap_memory|                                           p_ZL8threshs0_0|         array|
|p_ZL8threshs0_0_q0                |   in|   24|   ap_memory|                                           p_ZL8threshs0_0|         array|
|p_ZL8threshs0_1_address0          |  out|    2|   ap_memory|                                           p_ZL8threshs0_1|         array|
|p_ZL8threshs0_1_ce0               |  out|    1|   ap_memory|                                           p_ZL8threshs0_1|         array|
|p_ZL8threshs0_1_q0                |   in|   24|   ap_memory|                                           p_ZL8threshs0_1|         array|
|p_ZL8threshs0_2_address0          |  out|    2|   ap_memory|                                           p_ZL8threshs0_2|         array|
|p_ZL8threshs0_2_ce0               |  out|    1|   ap_memory|                                           p_ZL8threshs0_2|         array|
|p_ZL8threshs0_2_q0                |   in|   24|   ap_memory|                                           p_ZL8threshs0_2|         array|
|p_ZL8threshs0_3_address0          |  out|    2|   ap_memory|                                           p_ZL8threshs0_3|         array|
|p_ZL8threshs0_3_ce0               |  out|    1|   ap_memory|                                           p_ZL8threshs0_3|         array|
|p_ZL8threshs0_3_q0                |   in|   24|   ap_memory|                                           p_ZL8threshs0_3|         array|
|p_ZL8threshs0_4_address0          |  out|    2|   ap_memory|                                           p_ZL8threshs0_4|         array|
|p_ZL8threshs0_4_ce0               |  out|    1|   ap_memory|                                           p_ZL8threshs0_4|         array|
|p_ZL8threshs0_4_q0                |   in|   24|   ap_memory|                                           p_ZL8threshs0_4|         array|
|p_ZL8threshs0_5_address0          |  out|    2|   ap_memory|                                           p_ZL8threshs0_5|         array|
|p_ZL8threshs0_5_ce0               |  out|    1|   ap_memory|                                           p_ZL8threshs0_5|         array|
|p_ZL8threshs0_5_q0                |   in|   24|   ap_memory|                                           p_ZL8threshs0_5|         array|
|p_ZL8threshs0_6_address0          |  out|    2|   ap_memory|                                           p_ZL8threshs0_6|         array|
|p_ZL8threshs0_6_ce0               |  out|    1|   ap_memory|                                           p_ZL8threshs0_6|         array|
|p_ZL8threshs0_6_q0                |   in|   24|   ap_memory|                                           p_ZL8threshs0_6|         array|
|p_ZL8threshs0_7_address0          |  out|    2|   ap_memory|                                           p_ZL8threshs0_7|         array|
|p_ZL8threshs0_7_ce0               |  out|    1|   ap_memory|                                           p_ZL8threshs0_7|         array|
|p_ZL8threshs0_7_q0                |   in|   24|   ap_memory|                                           p_ZL8threshs0_7|         array|
|p_ZL8threshs0_8_address0          |  out|    2|   ap_memory|                                           p_ZL8threshs0_8|         array|
|p_ZL8threshs0_8_ce0               |  out|    1|   ap_memory|                                           p_ZL8threshs0_8|         array|
|p_ZL8threshs0_8_q0                |   in|   24|   ap_memory|                                           p_ZL8threshs0_8|         array|
|p_ZL8threshs0_9_address0          |  out|    2|   ap_memory|                                           p_ZL8threshs0_9|         array|
|p_ZL8threshs0_9_ce0               |  out|    1|   ap_memory|                                           p_ZL8threshs0_9|         array|
|p_ZL8threshs0_9_q0                |   in|   24|   ap_memory|                                           p_ZL8threshs0_9|         array|
|p_ZL8threshs0_10_address0         |  out|    2|   ap_memory|                                          p_ZL8threshs0_10|         array|
|p_ZL8threshs0_10_ce0              |  out|    1|   ap_memory|                                          p_ZL8threshs0_10|         array|
|p_ZL8threshs0_10_q0               |   in|   24|   ap_memory|                                          p_ZL8threshs0_10|         array|
|p_ZL8threshs0_11_address0         |  out|    2|   ap_memory|                                          p_ZL8threshs0_11|         array|
|p_ZL8threshs0_11_ce0              |  out|    1|   ap_memory|                                          p_ZL8threshs0_11|         array|
|p_ZL8threshs0_11_q0               |   in|   24|   ap_memory|                                          p_ZL8threshs0_11|         array|
|p_ZL8threshs0_12_address0         |  out|    2|   ap_memory|                                          p_ZL8threshs0_12|         array|
|p_ZL8threshs0_12_ce0              |  out|    1|   ap_memory|                                          p_ZL8threshs0_12|         array|
|p_ZL8threshs0_12_q0               |   in|   24|   ap_memory|                                          p_ZL8threshs0_12|         array|
|p_ZL8threshs0_13_address0         |  out|    2|   ap_memory|                                          p_ZL8threshs0_13|         array|
|p_ZL8threshs0_13_ce0              |  out|    1|   ap_memory|                                          p_ZL8threshs0_13|         array|
|p_ZL8threshs0_13_q0               |   in|   24|   ap_memory|                                          p_ZL8threshs0_13|         array|
|p_ZL8threshs0_14_address0         |  out|    2|   ap_memory|                                          p_ZL8threshs0_14|         array|
|p_ZL8threshs0_14_ce0              |  out|    1|   ap_memory|                                          p_ZL8threshs0_14|         array|
|p_ZL8threshs0_14_q0               |   in|   24|   ap_memory|                                          p_ZL8threshs0_14|         array|
|p_ZL8threshs0_15_address0         |  out|    2|   ap_memory|                                          p_ZL8threshs0_15|         array|
|p_ZL8threshs0_15_ce0              |  out|    1|   ap_memory|                                          p_ZL8threshs0_15|         array|
|p_ZL8threshs0_15_q0               |   in|   24|   ap_memory|                                          p_ZL8threshs0_15|         array|
+----------------------------------+-----+-----+------------+----------------------------------------------------------+--------------+

