

================================================================
== Vitis HLS Report for 'Matrix_Vector_Activate_Batch_6_Pipeline_VITIS_LOOP_122_1'
================================================================
* Date:           Thu May 29 09:37:05 2025

* Version:        2023.2.2 (Build 4101106 on Feb  9 2024)
* Project:        hw
* Solution:       solution1 (Vivado IP Flow Target)
* Product family: zynq
* Target device:  xc7z020-clg400-1


================================================================
== Performance Estimates
================================================================
+ Timing: 
    * Summary: 
    +--------+----------+----------+------------+
    |  Clock |  Target  | Estimated| Uncertainty|
    +--------+----------+----------+------------+
    |ap_clk  |  10.00 ns|  9.883 ns|     2.70 ns|
    +--------+----------+----------+------------+

+ Latency: 
    * Summary: 
    +---------+---------+----------+----------+-----+-----+---------+
    |  Latency (cycles) |  Latency (absolute) |  Interval | Pipeline|
    |   min   |   max   |    min   |    max   | min | max |   Type  |
    +---------+---------+----------+----------+-----+-----+---------+
    |        ?|        ?|         ?|         ?|    ?|    ?|       no|
    +---------+---------+----------+----------+-----+-----+---------+

    + Detail: 
        * Instance: 
        N/A

        * Loop: 
        +--------------------+---------+---------+----------+-----------+-----------+------+----------+
        |                    |  Latency (cycles) | Iteration|  Initiation Interval  | Trip |          |
        |      Loop Name     |   min   |   max   |  Latency |  achieved |   target  | Count| Pipelined|
        +--------------------+---------+---------+----------+-----------+-----------+------+----------+
        |- VITIS_LOOP_122_1  |        ?|        ?|         4|          1|          1|     ?|       yes|
        +--------------------+---------+---------+----------+-----------+-----------+------+----------+



================================================================
== Utilization Estimates
================================================================
* Summary: 
+-----------------+---------+-----+--------+-------+-----+
|       Name      | BRAM_18K| DSP |   FF   |  LUT  | URAM|
+-----------------+---------+-----+--------+-------+-----+
|DSP              |        -|    -|       -|      -|    -|
|Expression       |        -|    -|       0|    956|    -|
|FIFO             |        -|    -|       -|      -|    -|
|Instance         |        -|    -|       0|    337|    -|
|Memory           |        -|    -|       -|      -|    -|
|Multiplexer      |        -|    -|       -|    114|    -|
|Register         |        -|    -|    2706|     32|    -|
+-----------------+---------+-----+--------+-------+-----+
|Total            |        0|    0|    2706|   1439|    0|
+-----------------+---------+-----+--------+-------+-----+
|Available        |      280|  220|  106400|  53200|    0|
+-----------------+---------+-----+--------+-------+-----+
|Utilization (%)  |        0|    0|       2|      2|    0|
+-----------------+---------+-----+--------+-------+-----+

+ Detail: 
    * Instance: 
    +-----------------------------+------------------------+---------+----+---+-----+-----+
    |           Instance          |         Module         | BRAM_18K| DSP| FF| LUT | URAM|
    +-----------------------------+------------------------+---------+----+---+-----+-----+
    |sparsemux_145_7_32_1_1_U568  |sparsemux_145_7_32_1_1  |        0|   0|  0|  337|    0|
    +-----------------------------+------------------------+---------+----+---+-----+-----+
    |Total                        |                        |        0|   0|  0|  337|    0|
    +-----------------------------+------------------------+---------+----+---+-----+-----+

    * DSP: 
    N/A

    * Memory: 
    N/A

    * FIFO: 
    N/A

    * Expression: 
    +----------------------------------+----------+----+---+----+------------+------------+
    |           Variable Name          | Operation| DSP| FF| LUT| Bitwidth P0| Bitwidth P1|
    +----------------------------------+----------+----+---+----+------------+------------+
    |add_ln169_639_fu_2827_p2          |         +|   0|  0|  10|           2|           2|
    |add_ln169_640_fu_2973_p2          |         +|   0|  0|  16|          16|          16|
    |add_ln169_641_fu_2833_p2          |         +|   0|  0|  10|           2|           2|
    |add_ln169_642_fu_2839_p2          |         +|   0|  0|  10|           2|           2|
    |add_ln169_643_fu_2985_p2          |         +|   0|  0|  11|           3|           3|
    |add_ln169_644_fu_2995_p2          |         +|   0|  0|  16|          16|          16|
    |add_ln169_645_fu_2845_p2          |         +|   0|  0|  10|           2|           2|
    |add_ln169_646_fu_2851_p2          |         +|   0|  0|  10|           2|           2|
    |add_ln169_647_fu_3007_p2          |         +|   0|  0|  11|           3|           3|
    |add_ln169_648_fu_2857_p2          |         +|   0|  0|  10|           2|           2|
    |add_ln169_649_fu_2863_p2          |         +|   0|  0|  10|           2|           2|
    |add_ln169_650_fu_3023_p2          |         +|   0|  0|  11|           3|           3|
    |add_ln169_651_fu_3033_p2          |         +|   0|  0|  13|           4|           4|
    |add_ln169_652_fu_3043_p2          |         +|   0|  0|  16|          16|          16|
    |add_ln169_653_fu_2869_p2          |         +|   0|  0|  10|           2|           2|
    |add_ln169_654_fu_2875_p2          |         +|   0|  0|  10|           2|           2|
    |add_ln169_655_fu_3055_p2          |         +|   0|  0|  11|           3|           3|
    |add_ln169_656_fu_2881_p2          |         +|   0|  0|  10|           2|           2|
    |add_ln169_657_fu_2887_p2          |         +|   0|  0|  10|           2|           2|
    |add_ln169_658_fu_3071_p2          |         +|   0|  0|  11|           3|           3|
    |add_ln169_659_fu_3081_p2          |         +|   0|  0|  13|           4|           4|
    |add_ln169_660_fu_2893_p2          |         +|   0|  0|  10|           2|           2|
    |add_ln169_661_fu_2899_p2          |         +|   0|  0|  10|           2|           2|
    |add_ln169_662_fu_3097_p2          |         +|   0|  0|  11|           3|           3|
    |add_ln169_663_fu_2905_p2          |         +|   0|  0|  10|           2|           2|
    |add_ln169_664_fu_2911_p2          |         +|   0|  0|   2|           2|           2|
    |add_ln169_665_fu_2917_p2          |         +|   0|  0|   2|           2|           2|
    |add_ln169_666_fu_3113_p2          |         +|   0|  0|  11|           3|           3|
    |add_ln169_667_fu_3123_p2          |         +|   0|  0|  13|           4|           4|
    |add_ln169_668_fu_3133_p2          |         +|   0|  0|  13|           5|           5|
    |add_ln169_669_fu_3143_p2          |         +|   0|  0|  16|          16|          16|
    |add_ln169_fu_2964_p2              |         +|   0|  0|  23|          16|          16|
    |i_13_fu_865_p2                    |         +|   0|  0|  39|          32|           1|
    |nf_fu_923_p2                      |         +|   0|  0|  39|          32|           1|
    |sf_8_fu_901_p2                    |         +|   0|  0|  39|          32|           1|
    |tile_9_fu_895_p2                  |         +|   0|  0|  39|          32|           1|
    |ap_block_state3_pp0_stage0_iter2  |       and|   0|  0|   2|           1|           1|
    |ap_block_state5_pp0_stage0_iter4  |       and|   0|  0|   2|           1|           1|
    |ap_condition_2545                 |       and|   0|  0|   2|           1|           1|
    |ap_condition_2548                 |       and|   0|  0|   2|           1|           1|
    |ap_predicate_op197_read_state3    |       and|   0|  0|   2|           1|           1|
    |icmp_ln122_fu_860_p2              |      icmp|   0|  0|  39|          32|          32|
    |icmp_ln125_fu_875_p2              |      icmp|   0|  0|  39|          32|           1|
    |icmp_ln137_fu_884_p2              |      icmp|   0|  0|  39|          32|           1|
    |icmp_ln159_fu_907_p2              |      icmp|   0|  0|  39|          32|           7|
    |icmp_ln173_fu_929_p2              |      icmp|   0|  0|  39|          32|           9|
    |mvOut_m_buffer_din                |      icmp|   0|  0|  23|          16|          16|
    |ap_block_pp0_stage0_01001         |        or|   0|  0|   2|           1|           1|
    |nf_10_fu_943_p3                   |    select|   0|  0|  32|           1|           1|
    |select_ln137_fu_2926_p3           |    select|   0|  0|  16|           1|           1|
    |tile_10_fu_935_p3                 |    select|   0|  0|  32|           1|           1|
    |ap_enable_pp0                     |       xor|   0|  0|   2|           1|           2|
    |xor_ln67_1279_fu_1857_p2          |       xor|   0|  0|   2|           1|           2|
    |xor_ln67_1280_fu_1883_p2          |       xor|   0|  0|   2|           1|           1|
    |xor_ln67_1281_fu_1889_p2          |       xor|   0|  0|   2|           1|           2|
    |xor_ln67_1282_fu_1915_p2          |       xor|   0|  0|   2|           1|           1|
    |xor_ln67_1283_fu_1921_p2          |       xor|   0|  0|   2|           1|           2|
    |xor_ln67_1284_fu_1947_p2          |       xor|   0|  0|   2|           1|           2|
    |xor_ln67_1285_fu_1953_p2          |       xor|   0|  0|   2|           1|           1|
    |xor_ln67_1286_fu_1979_p2          |       xor|   0|  0|   2|           1|           1|
    |xor_ln67_1287_fu_1985_p2          |       xor|   0|  0|   2|           1|           2|
    |xor_ln67_1288_fu_2011_p2          |       xor|   0|  0|   2|           1|           2|
    |xor_ln67_1289_fu_2017_p2          |       xor|   0|  0|   2|           1|           1|
    |xor_ln67_1290_fu_2948_p2          |       xor|   0|  0|   2|           1|           1|
    |xor_ln67_1291_fu_2954_p2          |       xor|   0|  0|   2|           1|           2|
    |xor_ln67_1292_fu_2043_p2          |       xor|   0|  0|   2|           1|           1|
    |xor_ln67_1293_fu_2049_p2          |       xor|   0|  0|   2|           1|           2|
    |xor_ln67_1294_fu_2075_p2          |       xor|   0|  0|   2|           1|           2|
    |xor_ln67_1295_fu_2081_p2          |       xor|   0|  0|   2|           1|           1|
    |xor_ln67_1296_fu_2107_p2          |       xor|   0|  0|   2|           1|           1|
    |xor_ln67_1297_fu_2113_p2          |       xor|   0|  0|   2|           1|           2|
    |xor_ln67_1298_fu_2139_p2          |       xor|   0|  0|   2|           1|           1|
    |xor_ln67_1299_fu_2145_p2          |       xor|   0|  0|   2|           1|           2|
    |xor_ln67_1300_fu_2171_p2          |       xor|   0|  0|   2|           1|           1|
    |xor_ln67_1301_fu_2177_p2          |       xor|   0|  0|   2|           1|           2|
    |xor_ln67_1302_fu_2203_p2          |       xor|   0|  0|   2|           1|           2|
    |xor_ln67_1303_fu_2209_p2          |       xor|   0|  0|   2|           1|           1|
    |xor_ln67_1304_fu_2235_p2          |       xor|   0|  0|   2|           1|           1|
    |xor_ln67_1305_fu_2241_p2          |       xor|   0|  0|   2|           1|           2|
    |xor_ln67_1306_fu_2267_p2          |       xor|   0|  0|   2|           1|           1|
    |xor_ln67_1307_fu_2273_p2          |       xor|   0|  0|   2|           1|           2|
    |xor_ln67_1308_fu_2299_p2          |       xor|   0|  0|   2|           1|           1|
    |xor_ln67_1309_fu_2305_p2          |       xor|   0|  0|   2|           1|           2|
    |xor_ln67_1310_fu_2331_p2          |       xor|   0|  0|   2|           1|           1|
    |xor_ln67_1311_fu_2337_p2          |       xor|   0|  0|   2|           1|           2|
    |xor_ln67_1312_fu_2363_p2          |       xor|   0|  0|   2|           1|           1|
    |xor_ln67_1313_fu_2369_p2          |       xor|   0|  0|   2|           1|           2|
    |xor_ln67_1314_fu_2395_p2          |       xor|   0|  0|   2|           1|           1|
    |xor_ln67_1315_fu_2401_p2          |       xor|   0|  0|   2|           1|           2|
    |xor_ln67_1316_fu_2427_p2          |       xor|   0|  0|   2|           1|           2|
    |xor_ln67_1317_fu_2433_p2          |       xor|   0|  0|   2|           1|           1|
    |xor_ln67_1318_fu_2459_p2          |       xor|   0|  0|   2|           1|           1|
    |xor_ln67_1319_fu_2465_p2          |       xor|   0|  0|   2|           1|           2|
    |xor_ln67_1320_fu_2491_p2          |       xor|   0|  0|   2|           1|           1|
    |xor_ln67_1321_fu_2497_p2          |       xor|   0|  0|   2|           1|           2|
    |xor_ln67_1322_fu_2523_p2          |       xor|   0|  0|   2|           1|           1|
    |xor_ln67_1323_fu_2529_p2          |       xor|   0|  0|   2|           1|           2|
    |xor_ln67_1324_fu_2555_p2          |       xor|   0|  0|   2|           1|           1|
    |xor_ln67_1325_fu_2561_p2          |       xor|   0|  0|   2|           1|           2|
    |xor_ln67_1326_fu_2587_p2          |       xor|   0|  0|   2|           1|           1|
    |xor_ln67_1327_fu_2593_p2          |       xor|   0|  0|   2|           1|           2|
    |xor_ln67_1328_fu_2619_p2          |       xor|   0|  0|   2|           1|           1|
    |xor_ln67_1329_fu_2625_p2          |       xor|   0|  0|   2|           1|           2|
    |xor_ln67_1330_fu_2651_p2          |       xor|   0|  0|   2|           1|           1|
    |xor_ln67_1331_fu_2657_p2          |       xor|   0|  0|   2|           1|           2|
    |xor_ln67_1332_fu_2683_p2          |       xor|   0|  0|   2|           1|           1|
    |xor_ln67_1333_fu_2689_p2          |       xor|   0|  0|   2|           1|           2|
    |xor_ln67_1334_fu_2715_p2          |       xor|   0|  0|   2|           1|           1|
    |xor_ln67_1335_fu_2721_p2          |       xor|   0|  0|   2|           1|           2|
    |xor_ln67_1336_fu_2747_p2          |       xor|   0|  0|   2|           1|           1|
    |xor_ln67_1337_fu_2753_p2          |       xor|   0|  0|   2|           1|           2|
    |xor_ln67_1338_fu_2779_p2          |       xor|   0|  0|   2|           1|           1|
    |xor_ln67_1339_fu_2785_p2          |       xor|   0|  0|   2|           1|           2|
    |xor_ln67_1340_fu_2811_p2          |       xor|   0|  0|   2|           1|           1|
    |xor_ln67_1341_fu_2817_p2          |       xor|   0|  0|   2|           1|           2|
    |xor_ln67_fu_1851_p2               |       xor|   0|  0|   2|           1|           1|
    +----------------------------------+----------+----+---+----+------------+------------+
    |Total                             |          |   0|  0| 956|         528|         327|
    +----------------------------------+----------+----+---+----+------------+------------+

    * Multiplexer: 
    +-----------------------------------+----+-----------+-----+-----------+
    |                Name               | LUT| Input Size| Bits| Total Bits|
    +-----------------------------------+----+-----------+-----+-----------+
    |ap_done_int                        |   9|          2|    1|          2|
    |ap_enable_reg_pp0_iter1            |   9|          2|    1|          2|
    |ap_enable_reg_pp0_iter2            |   9|          2|    1|          2|
    |ap_phi_mux_inElem_phi_fu_610_p146  |  14|          3|   32|         96|
    |convInp_blk_n                      |   9|          2|    1|          2|
    |i_fu_262                           |   9|          2|   32|         64|
    |inElem_reg_607                     |  14|          3|   32|         96|
    |mvOut_m_buffer_blk_n               |   9|          2|    1|          2|
    |nf_7_fu_558                        |   9|          2|   32|         64|
    |sf_fu_258                          |   9|          2|   32|         64|
    |tile_fu_254                        |  14|          3|   32|         96|
    +-----------------------------------+----+-----------+-----+-----------+
    |Total                              | 114|         25|  197|        490|
    +-----------------------------------+----+-----------+-----+-----------+

    * Register: 
    +-----------------------------------+----+----+-----+-----------+
    |                Name               | FF | LUT| Bits| Const Bits|
    +-----------------------------------+----+----+-----+-----------+
    |add_ln169_639_reg_3674             |   2|   0|    2|          0|
    |add_ln169_641_reg_3679             |   2|   0|    2|          0|
    |add_ln169_642_reg_3684             |   2|   0|    2|          0|
    |add_ln169_645_reg_3689             |   2|   0|    2|          0|
    |add_ln169_646_reg_3694             |   2|   0|    2|          0|
    |add_ln169_648_reg_3699             |   2|   0|    2|          0|
    |add_ln169_649_reg_3704             |   2|   0|    2|          0|
    |add_ln169_653_reg_3709             |   2|   0|    2|          0|
    |add_ln169_654_reg_3714             |   2|   0|    2|          0|
    |add_ln169_656_reg_3719             |   2|   0|    2|          0|
    |add_ln169_657_reg_3724             |   2|   0|    2|          0|
    |add_ln169_660_reg_3729             |   2|   0|    2|          0|
    |add_ln169_661_reg_3734             |   2|   0|    2|          0|
    |add_ln169_663_reg_3739             |   2|   0|    2|          0|
    |add_ln169_665_reg_3744             |   2|   0|    2|          0|
    |add_ln169_669_reg_3749             |  16|   0|   16|          0|
    |ap_CS_fsm                          |   1|   0|    1|          0|
    |ap_done_reg                        |   1|   0|    1|          0|
    |ap_enable_reg_pp0_iter1            |   1|   0|    1|          0|
    |ap_enable_reg_pp0_iter2            |   1|   0|    1|          0|
    |ap_enable_reg_pp0_iter3            |   1|   0|    1|          0|
    |ap_enable_reg_pp0_iter4            |   1|   0|    1|          0|
    |ap_loop_exit_ready_pp0_iter2_reg   |   1|   0|    1|          0|
    |ap_loop_exit_ready_pp0_iter3_reg   |   1|   0|    1|          0|
    |i_fu_262                           |  32|   0|   32|          0|
    |icmp_ln122_reg_3642                |   1|   0|    1|          0|
    |icmp_ln125_reg_3651                |   1|   0|    1|          0|
    |icmp_ln137_reg_3655                |   1|   0|    1|          0|
    |icmp_ln137_reg_3655_pp0_iter2_reg  |   1|   0|    1|          0|
    |icmp_ln159_reg_3665                |   1|   0|    1|          0|
    |inElem_reg_607                     |  32|   0|   32|          0|
    |inputBuf_100_fu_382                |  32|   0|   32|          0|
    |inputBuf_101_fu_386                |  32|   0|   32|          0|
    |inputBuf_102_fu_390                |  32|   0|   32|          0|
    |inputBuf_103_fu_394                |  32|   0|   32|          0|
    |inputBuf_104_fu_398                |  32|   0|   32|          0|
    |inputBuf_105_fu_402                |  32|   0|   32|          0|
    |inputBuf_106_fu_406                |  32|   0|   32|          0|
    |inputBuf_107_fu_410                |  32|   0|   32|          0|
    |inputBuf_108_fu_414                |  32|   0|   32|          0|
    |inputBuf_109_fu_418                |  32|   0|   32|          0|
    |inputBuf_110_fu_422                |  32|   0|   32|          0|
    |inputBuf_111_fu_426                |  32|   0|   32|          0|
    |inputBuf_112_fu_430                |  32|   0|   32|          0|
    |inputBuf_113_fu_434                |  32|   0|   32|          0|
    |inputBuf_114_fu_438                |  32|   0|   32|          0|
    |inputBuf_115_fu_442                |  32|   0|   32|          0|
    |inputBuf_116_fu_446                |  32|   0|   32|          0|
    |inputBuf_117_fu_450                |  32|   0|   32|          0|
    |inputBuf_118_fu_454                |  32|   0|   32|          0|
    |inputBuf_119_fu_458                |  32|   0|   32|          0|
    |inputBuf_120_fu_462                |  32|   0|   32|          0|
    |inputBuf_121_fu_466                |  32|   0|   32|          0|
    |inputBuf_122_fu_470                |  32|   0|   32|          0|
    |inputBuf_123_fu_474                |  32|   0|   32|          0|
    |inputBuf_124_fu_478                |  32|   0|   32|          0|
    |inputBuf_125_fu_482                |  32|   0|   32|          0|
    |inputBuf_126_fu_486                |  32|   0|   32|          0|
    |inputBuf_127_fu_490                |  32|   0|   32|          0|
    |inputBuf_128_fu_494                |  32|   0|   32|          0|
    |inputBuf_129_fu_498                |  32|   0|   32|          0|
    |inputBuf_130_fu_502                |  32|   0|   32|          0|
    |inputBuf_131_fu_506                |  32|   0|   32|          0|
    |inputBuf_132_fu_510                |  32|   0|   32|          0|
    |inputBuf_133_fu_514                |  32|   0|   32|          0|
    |inputBuf_134_fu_518                |  32|   0|   32|          0|
    |inputBuf_135_fu_522                |  32|   0|   32|          0|
    |inputBuf_136_fu_526                |  32|   0|   32|          0|
    |inputBuf_137_fu_530                |  32|   0|   32|          0|
    |inputBuf_138_fu_534                |  32|   0|   32|          0|
    |inputBuf_139_fu_538                |  32|   0|   32|          0|
    |inputBuf_140_fu_542                |  32|   0|   32|          0|
    |inputBuf_141_fu_546                |  32|   0|   32|          0|
    |inputBuf_142_fu_550                |  32|   0|   32|          0|
    |inputBuf_143_fu_554                |  32|   0|   32|          0|
    |inputBuf_73_fu_274                 |  32|   0|   32|          0|
    |inputBuf_74_fu_278                 |  32|   0|   32|          0|
    |inputBuf_75_fu_282                 |  32|   0|   32|          0|
    |inputBuf_76_fu_286                 |  32|   0|   32|          0|
    |inputBuf_77_fu_290                 |  32|   0|   32|          0|
    |inputBuf_78_fu_294                 |  32|   0|   32|          0|
    |inputBuf_79_fu_298                 |  32|   0|   32|          0|
    |inputBuf_80_fu_302                 |  32|   0|   32|          0|
    |inputBuf_81_fu_306                 |  32|   0|   32|          0|
    |inputBuf_82_fu_310                 |  32|   0|   32|          0|
    |inputBuf_83_fu_314                 |  32|   0|   32|          0|
    |inputBuf_84_fu_318                 |  32|   0|   32|          0|
    |inputBuf_85_fu_322                 |  32|   0|   32|          0|
    |inputBuf_86_fu_326                 |  32|   0|   32|          0|
    |inputBuf_87_fu_330                 |  32|   0|   32|          0|
    |inputBuf_88_fu_334                 |  32|   0|   32|          0|
    |inputBuf_89_fu_338                 |  32|   0|   32|          0|
    |inputBuf_90_fu_342                 |  32|   0|   32|          0|
    |inputBuf_91_fu_346                 |  32|   0|   32|          0|
    |inputBuf_92_fu_350                 |  32|   0|   32|          0|
    |inputBuf_93_fu_354                 |  32|   0|   32|          0|
    |inputBuf_94_fu_358                 |  32|   0|   32|          0|
    |inputBuf_95_fu_362                 |  32|   0|   32|          0|
    |inputBuf_96_fu_366                 |  32|   0|   32|          0|
    |inputBuf_97_fu_370                 |  32|   0|   32|          0|
    |inputBuf_98_fu_374                 |  32|   0|   32|          0|
    |inputBuf_99_fu_378                 |  32|   0|   32|          0|
    |inputBuf_fu_270                    |  32|   0|   32|          0|
    |nf_7_fu_558                        |  32|   0|   32|          0|
    |nf_9_reg_3637                      |  32|   0|   32|          0|
    |nf_9_reg_3637_pp0_iter2_reg        |  32|   0|   32|          0|
    |p_0_0_03623_i_fu_266               |  16|   0|   16|          0|
    |sf_fu_258                          |  32|   0|   32|          0|
    |tile_fu_254                        |  32|   0|   32|          0|
    |trunc_ln117_reg_3646               |   7|   0|    7|          0|
    |wgt_reg_3669                       |  32|   0|   32|          0|
    |icmp_ln159_reg_3665                |  64|  32|    1|          0|
    +-----------------------------------+----+----+-----+-----------+
    |Total                              |2706|  32| 2643|          0|
    +-----------------------------------+----+----+-----+-----------+



================================================================
== Interface
================================================================
* Summary: 
+-------------------------------+-----+-----+------------+----------------------------------------------------------+--------------+
|           RTL Ports           | Dir | Bits|  Protocol  |                       Source Object                      |    C Type    |
+-------------------------------+-----+-----+------------+----------------------------------------------------------+--------------+
|ap_clk                         |   in|    1|  ap_ctrl_hs|  Matrix_Vector_Activate_Batch.6_Pipeline_VITIS_LOOP_122_1|  return value|
|ap_rst                         |   in|    1|  ap_ctrl_hs|  Matrix_Vector_Activate_Batch.6_Pipeline_VITIS_LOOP_122_1|  return value|
|ap_start                       |   in|    1|  ap_ctrl_hs|  Matrix_Vector_Activate_Batch.6_Pipeline_VITIS_LOOP_122_1|  return value|
|ap_done                        |  out|    1|  ap_ctrl_hs|  Matrix_Vector_Activate_Batch.6_Pipeline_VITIS_LOOP_122_1|  return value|
|ap_idle                        |  out|    1|  ap_ctrl_hs|  Matrix_Vector_Activate_Batch.6_Pipeline_VITIS_LOOP_122_1|  return value|
|ap_ready                       |  out|    1|  ap_ctrl_hs|  Matrix_Vector_Activate_Batch.6_Pipeline_VITIS_LOOP_122_1|  return value|
|convInp_dout                   |   in|   32|     ap_fifo|                                                   convInp|       pointer|
|convInp_num_data_valid         |   in|    3|     ap_fifo|                                                   convInp|       pointer|
|convInp_fifo_cap               |   in|    3|     ap_fifo|                                                   convInp|       pointer|
|convInp_empty_n                |   in|    1|     ap_fifo|                                                   convInp|       pointer|
|convInp_read                   |  out|    1|     ap_fifo|                                                   convInp|       pointer|
|mvOut_m_buffer_din             |  out|    1|     ap_fifo|                                            mvOut_m_buffer|       pointer|
|mvOut_m_buffer_num_data_valid  |   in|    3|     ap_fifo|                                            mvOut_m_buffer|       pointer|
|mvOut_m_buffer_fifo_cap        |   in|    3|     ap_fifo|                                            mvOut_m_buffer|       pointer|
|mvOut_m_buffer_full_n          |   in|    1|     ap_fifo|                                            mvOut_m_buffer|       pointer|
|mvOut_m_buffer_write           |  out|    1|     ap_fifo|                                            mvOut_m_buffer|       pointer|
|mul_i                          |   in|   32|     ap_none|                                                     mul_i|        scalar|
|weights5_address0              |  out|   15|   ap_memory|                                                  weights5|         array|
|weights5_ce0                   |  out|    1|   ap_memory|                                                  weights5|         array|
|weights5_q0                    |   in|   32|   ap_memory|                                                  weights5|         array|
|threshs5_address0              |  out|    8|   ap_memory|                                                  threshs5|         array|
|threshs5_ce0                   |  out|    1|   ap_memory|                                                  threshs5|         array|
|threshs5_q0                    |   in|   16|   ap_memory|                                                  threshs5|         array|
+-------------------------------+-----+-----+------------+----------------------------------------------------------+--------------+

