

================================================================
== Vitis HLS Report for 'Matrix_Vector_Activate_Batch_7_Pipeline_VITIS_LOOP_122_1'
================================================================
* Date:           Thu May 29 09:37:00 2025

* Version:        2023.2.2 (Build 4101106 on Feb  9 2024)
* Project:        hw
* Solution:       solution1 (Vivado IP Flow Target)
* Product family: zynq
* Target device:  xc7z020-clg400-1


================================================================
== Performance Estimates
================================================================
+ Timing: 
    * Summary: 
    +--------+----------+----------+------------+
    |  Clock |  Target  | Estimated| Uncertainty|
    +--------+----------+----------+------------+
    |ap_clk  |  10.00 ns|  9.883 ns|     2.70 ns|
    +--------+----------+----------+------------+

+ Latency: 
    * Summary: 
    +---------+---------+----------+----------+-----+-----+---------+
    |  Latency (cycles) |  Latency (absolute) |  Interval | Pipeline|
    |   min   |   max   |    min   |    max   | min | max |   Type  |
    +---------+---------+----------+----------+-----+-----+---------+
    |        ?|        ?|         ?|         ?|    ?|    ?|       no|
    +---------+---------+----------+----------+-----+-----+---------+

    + Detail: 
        * Instance: 
        N/A

        * Loop: 
        +--------------------+---------+---------+----------+-----------+-----------+------+----------+
        |                    |  Latency (cycles) | Iteration|  Initiation Interval  | Trip |          |
        |      Loop Name     |   min   |   max   |  Latency |  achieved |   target  | Count| Pipelined|
        +--------------------+---------+---------+----------+-----------+-----------+------+----------+
        |- VITIS_LOOP_122_1  |        ?|        ?|         4|          1|          1|     ?|       yes|
        +--------------------+---------+---------+----------+-----------+-----------+------+----------+



================================================================
== Utilization Estimates
================================================================
* Summary: 
+-----------------+---------+-----+--------+-------+-----+
|       Name      | BRAM_18K| DSP |   FF   |  LUT  | URAM|
+-----------------+---------+-----+--------+-------+-----+
|DSP              |        -|    -|       -|      -|    -|
|Expression       |        -|    -|       0|   2537|    -|
|FIFO             |        -|    -|       -|      -|    -|
|Instance         |        -|    -|       0|    159|    -|
|Memory           |        -|    -|       -|      -|    -|
|Multiplexer      |        -|    -|       -|    100|    -|
|Register         |        -|    -|    1804|     32|    -|
+-----------------+---------+-----+--------+-------+-----+
|Total            |        0|    0|    1804|   2828|    0|
+-----------------+---------+-----+--------+-------+-----+
|Available        |      280|  220|  106400|  53200|    0|
+-----------------+---------+-----+--------+-------+-----+
|Utilization (%)  |        0|    0|       1|      5|    0|
+-----------------+---------+-----+--------+-------+-----+

+ Detail: 
    * Instance: 
    +----------------------------+-----------------------+---------+----+---+-----+-----+
    |          Instance          |         Module        | BRAM_18K| DSP| FF| LUT | URAM|
    +----------------------------+-----------------------+---------+----+---+-----+-----+
    |sparsemux_73_6_32_1_1_U522  |sparsemux_73_6_32_1_1  |        0|   0|  0|  159|    0|
    +----------------------------+-----------------------+---------+----+---+-----+-----+
    |Total                       |                       |        0|   0|  0|  159|    0|
    +----------------------------+-----------------------+---------+----+---+-----+-----+

    * DSP: 
    N/A

    * Memory: 
    N/A

    * FIFO: 
    N/A

    * Expression: 
    +----------------------------------+----------+----+---+----+------------+------------+
    |           Variable Name          | Operation| DSP| FF| LUT| Bitwidth P0| Bitwidth P1|
    +----------------------------------+----------+----+---+----+------------+------------+
    |add_ln169_512_fu_2185_p2          |         +|   0|  0|  10|           2|           2|
    |add_ln169_513_fu_4860_p2          |         +|   0|  0|  16|          16|          16|
    |add_ln169_514_fu_2191_p2          |         +|   0|  0|  10|           2|           2|
    |add_ln169_515_fu_2197_p2          |         +|   0|  0|  10|           2|           2|
    |add_ln169_516_fu_4872_p2          |         +|   0|  0|  11|           3|           3|
    |add_ln169_517_fu_4882_p2          |         +|   0|  0|  16|          16|          16|
    |add_ln169_518_fu_2203_p2          |         +|   0|  0|  10|           2|           2|
    |add_ln169_519_fu_2209_p2          |         +|   0|  0|  10|           2|           2|
    |add_ln169_520_fu_4894_p2          |         +|   0|  0|  11|           3|           3|
    |add_ln169_521_fu_2215_p2          |         +|   0|  0|  10|           2|           2|
    |add_ln169_522_fu_2221_p2          |         +|   0|  0|  10|           2|           2|
    |add_ln169_523_fu_4910_p2          |         +|   0|  0|  11|           3|           3|
    |add_ln169_524_fu_4920_p2          |         +|   0|  0|  13|           4|           4|
    |add_ln169_525_fu_4930_p2          |         +|   0|  0|  16|          16|          16|
    |add_ln169_526_fu_2227_p2          |         +|   0|  0|  10|           2|           2|
    |add_ln169_527_fu_2233_p2          |         +|   0|  0|  10|           2|           2|
    |add_ln169_528_fu_4942_p2          |         +|   0|  0|  11|           3|           3|
    |add_ln169_529_fu_2239_p2          |         +|   0|  0|  10|           2|           2|
    |add_ln169_530_fu_2245_p2          |         +|   0|  0|  10|           2|           2|
    |add_ln169_531_fu_4958_p2          |         +|   0|  0|  11|           3|           3|
    |add_ln169_532_fu_4968_p2          |         +|   0|  0|  13|           4|           4|
    |add_ln169_533_fu_2251_p2          |         +|   0|  0|  10|           2|           2|
    |add_ln169_534_fu_2257_p2          |         +|   0|  0|  10|           2|           2|
    |add_ln169_535_fu_4984_p2          |         +|   0|  0|  11|           3|           3|
    |add_ln169_536_fu_2263_p2          |         +|   0|  0|  10|           2|           2|
    |add_ln169_537_fu_2269_p2          |         +|   0|  0|   2|           2|           2|
    |add_ln169_538_fu_2275_p2          |         +|   0|  0|   2|           2|           2|
    |add_ln169_539_fu_5000_p2          |         +|   0|  0|  11|           3|           3|
    |add_ln169_540_fu_5010_p2          |         +|   0|  0|  13|           4|           4|
    |add_ln169_541_fu_5020_p2          |         +|   0|  0|  13|           5|           5|
    |add_ln169_542_fu_5030_p2          |         +|   0|  0|  16|          16|          16|
    |add_ln169_543_fu_5058_p2          |         +|   0|  0|  23|          16|          16|
    |add_ln169_544_fu_3021_p2          |         +|   0|  0|  10|           2|           2|
    |add_ln169_545_fu_5067_p2          |         +|   0|  0|  16|          16|          16|
    |add_ln169_546_fu_3027_p2          |         +|   0|  0|  10|           2|           2|
    |add_ln169_547_fu_3033_p2          |         +|   0|  0|  10|           2|           2|
    |add_ln169_548_fu_5079_p2          |         +|   0|  0|  11|           3|           3|
    |add_ln169_549_fu_5089_p2          |         +|   0|  0|  16|          16|          16|
    |add_ln169_550_fu_3039_p2          |         +|   0|  0|  10|           2|           2|
    |add_ln169_551_fu_3045_p2          |         +|   0|  0|  10|           2|           2|
    |add_ln169_552_fu_5101_p2          |         +|   0|  0|  11|           3|           3|
    |add_ln169_553_fu_3051_p2          |         +|   0|  0|  10|           2|           2|
    |add_ln169_554_fu_3057_p2          |         +|   0|  0|  10|           2|           2|
    |add_ln169_555_fu_5117_p2          |         +|   0|  0|  11|           3|           3|
    |add_ln169_556_fu_5127_p2          |         +|   0|  0|  13|           4|           4|
    |add_ln169_557_fu_5137_p2          |         +|   0|  0|  16|          16|          16|
    |add_ln169_558_fu_3063_p2          |         +|   0|  0|  10|           2|           2|
    |add_ln169_559_fu_3069_p2          |         +|   0|  0|  10|           2|           2|
    |add_ln169_560_fu_5149_p2          |         +|   0|  0|  11|           3|           3|
    |add_ln169_561_fu_3075_p2          |         +|   0|  0|  10|           2|           2|
    |add_ln169_562_fu_3081_p2          |         +|   0|  0|  10|           2|           2|
    |add_ln169_563_fu_5165_p2          |         +|   0|  0|  11|           3|           3|
    |add_ln169_564_fu_5175_p2          |         +|   0|  0|  13|           4|           4|
    |add_ln169_565_fu_3087_p2          |         +|   0|  0|  10|           2|           2|
    |add_ln169_566_fu_3093_p2          |         +|   0|  0|  10|           2|           2|
    |add_ln169_567_fu_5191_p2          |         +|   0|  0|  11|           3|           3|
    |add_ln169_568_fu_3099_p2          |         +|   0|  0|  10|           2|           2|
    |add_ln169_569_fu_3105_p2          |         +|   0|  0|   2|           2|           2|
    |add_ln169_570_fu_3111_p2          |         +|   0|  0|   2|           2|           2|
    |add_ln169_571_fu_5207_p2          |         +|   0|  0|  11|           3|           3|
    |add_ln169_572_fu_5217_p2          |         +|   0|  0|  13|           4|           4|
    |add_ln169_573_fu_5227_p2          |         +|   0|  0|  13|           5|           5|
    |add_ln169_574_fu_5237_p2          |         +|   0|  0|  16|          16|          16|
    |add_ln169_575_fu_5265_p2          |         +|   0|  0|  23|          16|          16|
    |add_ln169_576_fu_3857_p2          |         +|   0|  0|  10|           2|           2|
    |add_ln169_577_fu_5274_p2          |         +|   0|  0|  16|          16|          16|
    |add_ln169_578_fu_3863_p2          |         +|   0|  0|  10|           2|           2|
    |add_ln169_579_fu_3869_p2          |         +|   0|  0|  10|           2|           2|
    |add_ln169_580_fu_5286_p2          |         +|   0|  0|  11|           3|           3|
    |add_ln169_581_fu_5296_p2          |         +|   0|  0|  16|          16|          16|
    |add_ln169_582_fu_3875_p2          |         +|   0|  0|  10|           2|           2|
    |add_ln169_583_fu_3881_p2          |         +|   0|  0|  10|           2|           2|
    |add_ln169_584_fu_5308_p2          |         +|   0|  0|  11|           3|           3|
    |add_ln169_585_fu_3887_p2          |         +|   0|  0|  10|           2|           2|
    |add_ln169_586_fu_3893_p2          |         +|   0|  0|  10|           2|           2|
    |add_ln169_587_fu_5324_p2          |         +|   0|  0|  11|           3|           3|
    |add_ln169_588_fu_5334_p2          |         +|   0|  0|  13|           4|           4|
    |add_ln169_589_fu_5344_p2          |         +|   0|  0|  16|          16|          16|
    |add_ln169_590_fu_3899_p2          |         +|   0|  0|  10|           2|           2|
    |add_ln169_591_fu_3905_p2          |         +|   0|  0|  10|           2|           2|
    |add_ln169_592_fu_5356_p2          |         +|   0|  0|  11|           3|           3|
    |add_ln169_593_fu_3911_p2          |         +|   0|  0|  10|           2|           2|
    |add_ln169_594_fu_3917_p2          |         +|   0|  0|  10|           2|           2|
    |add_ln169_595_fu_5372_p2          |         +|   0|  0|  11|           3|           3|
    |add_ln169_596_fu_5382_p2          |         +|   0|  0|  13|           4|           4|
    |add_ln169_597_fu_3923_p2          |         +|   0|  0|  10|           2|           2|
    |add_ln169_598_fu_3929_p2          |         +|   0|  0|  10|           2|           2|
    |add_ln169_599_fu_5398_p2          |         +|   0|  0|  11|           3|           3|
    |add_ln169_600_fu_3935_p2          |         +|   0|  0|  10|           2|           2|
    |add_ln169_601_fu_3941_p2          |         +|   0|  0|   2|           2|           2|
    |add_ln169_602_fu_3947_p2          |         +|   0|  0|   2|           2|           2|
    |add_ln169_603_fu_5414_p2          |         +|   0|  0|  11|           3|           3|
    |add_ln169_604_fu_5424_p2          |         +|   0|  0|  13|           4|           4|
    |add_ln169_605_fu_5434_p2          |         +|   0|  0|  13|           5|           5|
    |add_ln169_606_fu_5444_p2          |         +|   0|  0|  16|          16|          16|
    |add_ln169_607_fu_5472_p2          |         +|   0|  0|  23|          16|          16|
    |add_ln169_608_fu_4693_p2          |         +|   0|  0|  10|           2|           2|
    |add_ln169_609_fu_5481_p2          |         +|   0|  0|  16|          16|          16|
    |add_ln169_610_fu_4699_p2          |         +|   0|  0|  10|           2|           2|
    |add_ln169_611_fu_4705_p2          |         +|   0|  0|  10|           2|           2|
    |add_ln169_612_fu_5493_p2          |         +|   0|  0|  11|           3|           3|
    |add_ln169_613_fu_5503_p2          |         +|   0|  0|  16|          16|          16|
    |add_ln169_614_fu_4711_p2          |         +|   0|  0|  10|           2|           2|
    |add_ln169_615_fu_4717_p2          |         +|   0|  0|  10|           2|           2|
    |add_ln169_616_fu_5515_p2          |         +|   0|  0|  11|           3|           3|
    |add_ln169_617_fu_4723_p2          |         +|   0|  0|  10|           2|           2|
    |add_ln169_618_fu_4729_p2          |         +|   0|  0|  10|           2|           2|
    |add_ln169_619_fu_5531_p2          |         +|   0|  0|  11|           3|           3|
    |add_ln169_620_fu_5541_p2          |         +|   0|  0|  13|           4|           4|
    |add_ln169_621_fu_5551_p2          |         +|   0|  0|  16|          16|          16|
    |add_ln169_622_fu_4735_p2          |         +|   0|  0|  10|           2|           2|
    |add_ln169_623_fu_4741_p2          |         +|   0|  0|  10|           2|           2|
    |add_ln169_624_fu_5563_p2          |         +|   0|  0|  11|           3|           3|
    |add_ln169_625_fu_4747_p2          |         +|   0|  0|  10|           2|           2|
    |add_ln169_626_fu_4753_p2          |         +|   0|  0|  10|           2|           2|
    |add_ln169_627_fu_5579_p2          |         +|   0|  0|  11|           3|           3|
    |add_ln169_628_fu_5589_p2          |         +|   0|  0|  13|           4|           4|
    |add_ln169_629_fu_4759_p2          |         +|   0|  0|  10|           2|           2|
    |add_ln169_630_fu_4765_p2          |         +|   0|  0|  10|           2|           2|
    |add_ln169_631_fu_5605_p2          |         +|   0|  0|  11|           3|           3|
    |add_ln169_632_fu_4771_p2          |         +|   0|  0|  10|           2|           2|
    |add_ln169_633_fu_4777_p2          |         +|   0|  0|   2|           2|           2|
    |add_ln169_634_fu_4783_p2          |         +|   0|  0|   2|           2|           2|
    |add_ln169_635_fu_5621_p2          |         +|   0|  0|  11|           3|           3|
    |add_ln169_636_fu_5631_p2          |         +|   0|  0|  13|           4|           4|
    |add_ln169_637_fu_5641_p2          |         +|   0|  0|  13|           5|           5|
    |add_ln169_638_fu_5651_p2          |         +|   0|  0|  16|          16|          16|
    |add_ln169_fu_4851_p2              |         +|   0|  0|  23|          16|          16|
    |i_11_fu_644_p2                    |         +|   0|  0|  39|          32|           1|
    |nf_fu_705_p2                      |         +|   0|  0|  39|          32|           1|
    |sf_6_fu_683_p2                    |         +|   0|  0|  39|          32|           1|
    |tile_6_fu_677_p2                  |         +|   0|  0|  39|          32|           1|
    |ap_block_state3_pp0_stage0_iter2  |       and|   0|  0|   2|           1|           1|
    |ap_block_state5_pp0_stage0_iter4  |       and|   0|  0|   2|           1|           1|
    |ap_condition_4075                 |       and|   0|  0|   2|           1|           1|
    |ap_condition_4078                 |       and|   0|  0|   2|           1|           1|
    |ap_predicate_op134_read_state3    |       and|   0|  0|   2|           1|           1|
    |icmp_ln122_fu_639_p2              |      icmp|   0|  0|  39|          32|          32|
    |icmp_ln125_fu_654_p2              |      icmp|   0|  0|  39|          32|           1|
    |icmp_ln137_fu_663_p2              |      icmp|   0|  0|  39|          32|           1|
    |icmp_ln159_fu_689_p2              |      icmp|   0|  0|  39|          32|           6|
    |icmp_ln173_fu_711_p2              |      icmp|   0|  0|  39|          32|           7|
    |result_47_fu_5689_p2              |      icmp|   0|  0|  23|          16|          16|
    |result_48_fu_5694_p2              |      icmp|   0|  0|  23|          16|          16|
    |result_49_fu_5699_p2              |      icmp|   0|  0|  23|          16|          16|
    |result_fu_5684_p2                 |      icmp|   0|  0|  23|          16|          16|
    |ap_block_pp0_stage0_01001         |        or|   0|  0|   2|           1|           1|
    |nf_7_fu_725_p3                    |    select|   0|  0|  32|           1|           1|
    |select_ln137_16_fu_4808_p3        |    select|   0|  0|  16|           1|           1|
    |select_ln137_17_fu_4815_p3        |    select|   0|  0|  16|           1|           1|
    |select_ln137_18_fu_4822_p3        |    select|   0|  0|  16|           1|           1|
    |select_ln137_fu_4801_p3           |    select|   0|  0|  16|           1|           1|
    |tile_7_fu_717_p3                  |    select|   0|  0|  32|           1|           1|
    |ap_enable_pp0                     |       xor|   0|  0|   2|           1|           2|
    |xor_ln67_1024_fu_1207_p2          |       xor|   0|  0|   2|           1|           2|
    |xor_ln67_1025_fu_1233_p2          |       xor|   0|  0|   2|           1|           1|
    |xor_ln67_1026_fu_1239_p2          |       xor|   0|  0|   2|           1|           2|
    |xor_ln67_1027_fu_1265_p2          |       xor|   0|  0|   2|           1|           1|
    |xor_ln67_1028_fu_1271_p2          |       xor|   0|  0|   2|           1|           2|
    |xor_ln67_1029_fu_1297_p2          |       xor|   0|  0|   2|           1|           1|
    |xor_ln67_1030_fu_1303_p2          |       xor|   0|  0|   2|           1|           2|
    |xor_ln67_1031_fu_1329_p2          |       xor|   0|  0|   2|           1|           1|
    |xor_ln67_1032_fu_1335_p2          |       xor|   0|  0|   2|           1|           2|
    |xor_ln67_1033_fu_1361_p2          |       xor|   0|  0|   2|           1|           1|
    |xor_ln67_1034_fu_1367_p2          |       xor|   0|  0|   2|           1|           2|
    |xor_ln67_1035_fu_4836_p2          |       xor|   0|  0|   2|           1|           1|
    |xor_ln67_1036_fu_4841_p2          |       xor|   0|  0|   2|           1|           2|
    |xor_ln67_1037_fu_1401_p2          |       xor|   0|  0|   2|           1|           1|
    |xor_ln67_1038_fu_1407_p2          |       xor|   0|  0|   2|           1|           2|
    |xor_ln67_1039_fu_1433_p2          |       xor|   0|  0|   2|           1|           1|
    |xor_ln67_1040_fu_1439_p2          |       xor|   0|  0|   2|           1|           2|
    |xor_ln67_1041_fu_1465_p2          |       xor|   0|  0|   2|           1|           1|
    |xor_ln67_1042_fu_1471_p2          |       xor|   0|  0|   2|           1|           2|
    |xor_ln67_1043_fu_1497_p2          |       xor|   0|  0|   2|           1|           1|
    |xor_ln67_1044_fu_1503_p2          |       xor|   0|  0|   2|           1|           2|
    |xor_ln67_1045_fu_1529_p2          |       xor|   0|  0|   2|           1|           1|
    |xor_ln67_1046_fu_1535_p2          |       xor|   0|  0|   2|           1|           2|
    |xor_ln67_1047_fu_1561_p2          |       xor|   0|  0|   2|           1|           2|
    |xor_ln67_1048_fu_1567_p2          |       xor|   0|  0|   2|           1|           1|
    |xor_ln67_1049_fu_1593_p2          |       xor|   0|  0|   2|           1|           1|
    |xor_ln67_1050_fu_1599_p2          |       xor|   0|  0|   2|           1|           2|
    |xor_ln67_1051_fu_1625_p2          |       xor|   0|  0|   2|           1|           1|
    |xor_ln67_1052_fu_1631_p2          |       xor|   0|  0|   2|           1|           2|
    |xor_ln67_1053_fu_1657_p2          |       xor|   0|  0|   2|           1|           1|
    |xor_ln67_1054_fu_1663_p2          |       xor|   0|  0|   2|           1|           2|
    |xor_ln67_1055_fu_1689_p2          |       xor|   0|  0|   2|           1|           1|
    |xor_ln67_1056_fu_1695_p2          |       xor|   0|  0|   2|           1|           2|
    |xor_ln67_1057_fu_1721_p2          |       xor|   0|  0|   2|           1|           1|
    |xor_ln67_1058_fu_1727_p2          |       xor|   0|  0|   2|           1|           2|
    |xor_ln67_1059_fu_1753_p2          |       xor|   0|  0|   2|           1|           1|
    |xor_ln67_1060_fu_1759_p2          |       xor|   0|  0|   2|           1|           2|
    |xor_ln67_1061_fu_1785_p2          |       xor|   0|  0|   2|           1|           2|
    |xor_ln67_1062_fu_1791_p2          |       xor|   0|  0|   2|           1|           1|
    |xor_ln67_1063_fu_1817_p2          |       xor|   0|  0|   2|           1|           1|
    |xor_ln67_1064_fu_1823_p2          |       xor|   0|  0|   2|           1|           2|
    |xor_ln67_1065_fu_1849_p2          |       xor|   0|  0|   2|           1|           1|
    |xor_ln67_1066_fu_1855_p2          |       xor|   0|  0|   2|           1|           2|
    |xor_ln67_1067_fu_1881_p2          |       xor|   0|  0|   2|           1|           1|
    |xor_ln67_1068_fu_1887_p2          |       xor|   0|  0|   2|           1|           2|
    |xor_ln67_1069_fu_1913_p2          |       xor|   0|  0|   2|           1|           1|
    |xor_ln67_1070_fu_1919_p2          |       xor|   0|  0|   2|           1|           2|
    |xor_ln67_1071_fu_1945_p2          |       xor|   0|  0|   2|           1|           1|
    |xor_ln67_1072_fu_1951_p2          |       xor|   0|  0|   2|           1|           2|
    |xor_ln67_1073_fu_1977_p2          |       xor|   0|  0|   2|           1|           1|
    |xor_ln67_1074_fu_1983_p2          |       xor|   0|  0|   2|           1|           2|
    |xor_ln67_1075_fu_2009_p2          |       xor|   0|  0|   2|           1|           1|
    |xor_ln67_1076_fu_2015_p2          |       xor|   0|  0|   2|           1|           2|
    |xor_ln67_1077_fu_2041_p2          |       xor|   0|  0|   2|           1|           1|
    |xor_ln67_1078_fu_2047_p2          |       xor|   0|  0|   2|           1|           2|
    |xor_ln67_1079_fu_2073_p2          |       xor|   0|  0|   2|           1|           1|
    |xor_ln67_1080_fu_2079_p2          |       xor|   0|  0|   2|           1|           2|
    |xor_ln67_1081_fu_2105_p2          |       xor|   0|  0|   2|           1|           1|
    |xor_ln67_1082_fu_2111_p2          |       xor|   0|  0|   2|           1|           2|
    |xor_ln67_1083_fu_2137_p2          |       xor|   0|  0|   2|           1|           1|
    |xor_ln67_1084_fu_2143_p2          |       xor|   0|  0|   2|           1|           2|
    |xor_ln67_1085_fu_2169_p2          |       xor|   0|  0|   2|           1|           1|
    |xor_ln67_1086_fu_2175_p2          |       xor|   0|  0|   2|           1|           2|
    |xor_ln67_1087_fu_2285_p2          |       xor|   0|  0|   2|           1|           1|
    |xor_ln67_1088_fu_2291_p2          |       xor|   0|  0|   2|           1|           2|
    |xor_ln67_1089_fu_2309_p2          |       xor|   0|  0|   2|           1|           1|
    |xor_ln67_1090_fu_2315_p2          |       xor|   0|  0|   2|           1|           2|
    |xor_ln67_1091_fu_2333_p2          |       xor|   0|  0|   2|           1|           1|
    |xor_ln67_1092_fu_2339_p2          |       xor|   0|  0|   2|           1|           2|
    |xor_ln67_1093_fu_2357_p2          |       xor|   0|  0|   2|           1|           1|
    |xor_ln67_1094_fu_2363_p2          |       xor|   0|  0|   2|           1|           2|
    |xor_ln67_1095_fu_2381_p2          |       xor|   0|  0|   2|           1|           1|
    |xor_ln67_1096_fu_2387_p2          |       xor|   0|  0|   2|           1|           2|
    |xor_ln67_1097_fu_2405_p2          |       xor|   0|  0|   2|           1|           1|
    |xor_ln67_1098_fu_2411_p2          |       xor|   0|  0|   2|           1|           2|
    |xor_ln67_1099_fu_5043_p2          |       xor|   0|  0|   2|           1|           1|
    |xor_ln67_1100_fu_5048_p2          |       xor|   0|  0|   2|           1|           2|
    |xor_ln67_1101_fu_2429_p2          |       xor|   0|  0|   2|           1|           1|
    |xor_ln67_1102_fu_2435_p2          |       xor|   0|  0|   2|           1|           2|
    |xor_ln67_1103_fu_2453_p2          |       xor|   0|  0|   2|           1|           1|
    |xor_ln67_1104_fu_2459_p2          |       xor|   0|  0|   2|           1|           2|
    |xor_ln67_1105_fu_2477_p2          |       xor|   0|  0|   2|           1|           1|
    |xor_ln67_1106_fu_2483_p2          |       xor|   0|  0|   2|           1|           2|
    |xor_ln67_1107_fu_2501_p2          |       xor|   0|  0|   2|           1|           1|
    |xor_ln67_1108_fu_2507_p2          |       xor|   0|  0|   2|           1|           2|
    |xor_ln67_1109_fu_2525_p2          |       xor|   0|  0|   2|           1|           1|
    |xor_ln67_1110_fu_2531_p2          |       xor|   0|  0|   2|           1|           2|
    |xor_ln67_1111_fu_2549_p2          |       xor|   0|  0|   2|           1|           2|
    |xor_ln67_1112_fu_2555_p2          |       xor|   0|  0|   2|           1|           1|
    |xor_ln67_1113_fu_2573_p2          |       xor|   0|  0|   2|           1|           1|
    |xor_ln67_1114_fu_2579_p2          |       xor|   0|  0|   2|           1|           2|
    |xor_ln67_1115_fu_2597_p2          |       xor|   0|  0|   2|           1|           1|
    |xor_ln67_1116_fu_2603_p2          |       xor|   0|  0|   2|           1|           2|
    |xor_ln67_1117_fu_2621_p2          |       xor|   0|  0|   2|           1|           1|
    |xor_ln67_1118_fu_2627_p2          |       xor|   0|  0|   2|           1|           2|
    |xor_ln67_1119_fu_2645_p2          |       xor|   0|  0|   2|           1|           1|
    |xor_ln67_1120_fu_2651_p2          |       xor|   0|  0|   2|           1|           2|
    |xor_ln67_1121_fu_2669_p2          |       xor|   0|  0|   2|           1|           1|
    |xor_ln67_1122_fu_2675_p2          |       xor|   0|  0|   2|           1|           2|
    |xor_ln67_1123_fu_2693_p2          |       xor|   0|  0|   2|           1|           1|
    |xor_ln67_1124_fu_2699_p2          |       xor|   0|  0|   2|           1|           2|
    |xor_ln67_1125_fu_2717_p2          |       xor|   0|  0|   2|           1|           2|
    |xor_ln67_1126_fu_2723_p2          |       xor|   0|  0|   2|           1|           1|
    |xor_ln67_1127_fu_2741_p2          |       xor|   0|  0|   2|           1|           1|
    |xor_ln67_1128_fu_2747_p2          |       xor|   0|  0|   2|           1|           2|
    |xor_ln67_1129_fu_2765_p2          |       xor|   0|  0|   2|           1|           1|
    |xor_ln67_1130_fu_2771_p2          |       xor|   0|  0|   2|           1|           2|
    |xor_ln67_1131_fu_2789_p2          |       xor|   0|  0|   2|           1|           1|
    |xor_ln67_1132_fu_2795_p2          |       xor|   0|  0|   2|           1|           2|
    |xor_ln67_1133_fu_2813_p2          |       xor|   0|  0|   2|           1|           1|
    |xor_ln67_1134_fu_2819_p2          |       xor|   0|  0|   2|           1|           2|
    |xor_ln67_1135_fu_2837_p2          |       xor|   0|  0|   2|           1|           1|
    |xor_ln67_1136_fu_2843_p2          |       xor|   0|  0|   2|           1|           2|
    |xor_ln67_1137_fu_2861_p2          |       xor|   0|  0|   2|           1|           1|
    |xor_ln67_1138_fu_2867_p2          |       xor|   0|  0|   2|           1|           2|
    |xor_ln67_1139_fu_2885_p2          |       xor|   0|  0|   2|           1|           1|
    |xor_ln67_1140_fu_2891_p2          |       xor|   0|  0|   2|           1|           2|
    |xor_ln67_1141_fu_2909_p2          |       xor|   0|  0|   2|           1|           1|
    |xor_ln67_1142_fu_2915_p2          |       xor|   0|  0|   2|           1|           2|
    |xor_ln67_1143_fu_2933_p2          |       xor|   0|  0|   2|           1|           1|
    |xor_ln67_1144_fu_2939_p2          |       xor|   0|  0|   2|           1|           2|
    |xor_ln67_1145_fu_2957_p2          |       xor|   0|  0|   2|           1|           1|
    |xor_ln67_1146_fu_2963_p2          |       xor|   0|  0|   2|           1|           2|
    |xor_ln67_1147_fu_2981_p2          |       xor|   0|  0|   2|           1|           1|
    |xor_ln67_1148_fu_2987_p2          |       xor|   0|  0|   2|           1|           2|
    |xor_ln67_1149_fu_3005_p2          |       xor|   0|  0|   2|           1|           1|
    |xor_ln67_1150_fu_3011_p2          |       xor|   0|  0|   2|           1|           2|
    |xor_ln67_1151_fu_3121_p2          |       xor|   0|  0|   2|           1|           1|
    |xor_ln67_1152_fu_3127_p2          |       xor|   0|  0|   2|           1|           2|
    |xor_ln67_1153_fu_3145_p2          |       xor|   0|  0|   2|           1|           1|
    |xor_ln67_1154_fu_3151_p2          |       xor|   0|  0|   2|           1|           2|
    |xor_ln67_1155_fu_3169_p2          |       xor|   0|  0|   2|           1|           1|
    |xor_ln67_1156_fu_3175_p2          |       xor|   0|  0|   2|           1|           2|
    |xor_ln67_1157_fu_3193_p2          |       xor|   0|  0|   2|           1|           2|
    |xor_ln67_1158_fu_3199_p2          |       xor|   0|  0|   2|           1|           1|
    |xor_ln67_1159_fu_3217_p2          |       xor|   0|  0|   2|           1|           1|
    |xor_ln67_1160_fu_3223_p2          |       xor|   0|  0|   2|           1|           2|
    |xor_ln67_1161_fu_3241_p2          |       xor|   0|  0|   2|           1|           1|
    |xor_ln67_1162_fu_3247_p2          |       xor|   0|  0|   2|           1|           2|
    |xor_ln67_1163_fu_5250_p2          |       xor|   0|  0|   2|           1|           1|
    |xor_ln67_1164_fu_5255_p2          |       xor|   0|  0|   2|           1|           2|
    |xor_ln67_1165_fu_3265_p2          |       xor|   0|  0|   2|           1|           1|
    |xor_ln67_1166_fu_3271_p2          |       xor|   0|  0|   2|           1|           2|
    |xor_ln67_1167_fu_3289_p2          |       xor|   0|  0|   2|           1|           1|
    |xor_ln67_1168_fu_3295_p2          |       xor|   0|  0|   2|           1|           2|
    |xor_ln67_1169_fu_3313_p2          |       xor|   0|  0|   2|           1|           1|
    |xor_ln67_1170_fu_3319_p2          |       xor|   0|  0|   2|           1|           2|
    |xor_ln67_1171_fu_3337_p2          |       xor|   0|  0|   2|           1|           1|
    |xor_ln67_1172_fu_3343_p2          |       xor|   0|  0|   2|           1|           2|
    |xor_ln67_1173_fu_3361_p2          |       xor|   0|  0|   2|           1|           1|
    |xor_ln67_1174_fu_3367_p2          |       xor|   0|  0|   2|           1|           2|
    |xor_ln67_1175_fu_3385_p2          |       xor|   0|  0|   2|           1|           2|
    |xor_ln67_1176_fu_3391_p2          |       xor|   0|  0|   2|           1|           1|
    |xor_ln67_1177_fu_3409_p2          |       xor|   0|  0|   2|           1|           1|
    |xor_ln67_1178_fu_3415_p2          |       xor|   0|  0|   2|           1|           2|
    |xor_ln67_1179_fu_3433_p2          |       xor|   0|  0|   2|           1|           1|
    |xor_ln67_1180_fu_3439_p2          |       xor|   0|  0|   2|           1|           2|
    |xor_ln67_1181_fu_3457_p2          |       xor|   0|  0|   2|           1|           1|
    |xor_ln67_1182_fu_3463_p2          |       xor|   0|  0|   2|           1|           2|
    |xor_ln67_1183_fu_3481_p2          |       xor|   0|  0|   2|           1|           1|
    |xor_ln67_1184_fu_3487_p2          |       xor|   0|  0|   2|           1|           2|
    |xor_ln67_1185_fu_3505_p2          |       xor|   0|  0|   2|           1|           1|
    |xor_ln67_1186_fu_3511_p2          |       xor|   0|  0|   2|           1|           2|
    |xor_ln67_1187_fu_3529_p2          |       xor|   0|  0|   2|           1|           1|
    |xor_ln67_1188_fu_3535_p2          |       xor|   0|  0|   2|           1|           2|
    |xor_ln67_1189_fu_3553_p2          |       xor|   0|  0|   2|           1|           2|
    |xor_ln67_1190_fu_3559_p2          |       xor|   0|  0|   2|           1|           1|
    |xor_ln67_1191_fu_3577_p2          |       xor|   0|  0|   2|           1|           1|
    |xor_ln67_1192_fu_3583_p2          |       xor|   0|  0|   2|           1|           2|
    |xor_ln67_1193_fu_3601_p2          |       xor|   0|  0|   2|           1|           1|
    |xor_ln67_1194_fu_3607_p2          |       xor|   0|  0|   2|           1|           2|
    |xor_ln67_1195_fu_3625_p2          |       xor|   0|  0|   2|           1|           1|
    |xor_ln67_1196_fu_3631_p2          |       xor|   0|  0|   2|           1|           2|
    |xor_ln67_1197_fu_3649_p2          |       xor|   0|  0|   2|           1|           1|
    |xor_ln67_1198_fu_3655_p2          |       xor|   0|  0|   2|           1|           2|
    |xor_ln67_1199_fu_3673_p2          |       xor|   0|  0|   2|           1|           1|
    |xor_ln67_1200_fu_3679_p2          |       xor|   0|  0|   2|           1|           2|
    |xor_ln67_1201_fu_3697_p2          |       xor|   0|  0|   2|           1|           1|
    |xor_ln67_1202_fu_3703_p2          |       xor|   0|  0|   2|           1|           2|
    |xor_ln67_1203_fu_3721_p2          |       xor|   0|  0|   2|           1|           1|
    |xor_ln67_1204_fu_3727_p2          |       xor|   0|  0|   2|           1|           2|
    |xor_ln67_1205_fu_3745_p2          |       xor|   0|  0|   2|           1|           1|
    |xor_ln67_1206_fu_3751_p2          |       xor|   0|  0|   2|           1|           2|
    |xor_ln67_1207_fu_3769_p2          |       xor|   0|  0|   2|           1|           1|
    |xor_ln67_1208_fu_3775_p2          |       xor|   0|  0|   2|           1|           2|
    |xor_ln67_1209_fu_3793_p2          |       xor|   0|  0|   2|           1|           1|
    |xor_ln67_1210_fu_3799_p2          |       xor|   0|  0|   2|           1|           2|
    |xor_ln67_1211_fu_3817_p2          |       xor|   0|  0|   2|           1|           1|
    |xor_ln67_1212_fu_3823_p2          |       xor|   0|  0|   2|           1|           2|
    |xor_ln67_1213_fu_3841_p2          |       xor|   0|  0|   2|           1|           1|
    |xor_ln67_1214_fu_3847_p2          |       xor|   0|  0|   2|           1|           2|
    |xor_ln67_1215_fu_3957_p2          |       xor|   0|  0|   2|           1|           1|
    |xor_ln67_1216_fu_3963_p2          |       xor|   0|  0|   2|           1|           2|
    |xor_ln67_1217_fu_3981_p2          |       xor|   0|  0|   2|           1|           1|
    |xor_ln67_1218_fu_3987_p2          |       xor|   0|  0|   2|           1|           2|
    |xor_ln67_1219_fu_4005_p2          |       xor|   0|  0|   2|           1|           1|
    |xor_ln67_1220_fu_4011_p2          |       xor|   0|  0|   2|           1|           2|
    |xor_ln67_1221_fu_4029_p2          |       xor|   0|  0|   2|           1|           2|
    |xor_ln67_1222_fu_4035_p2          |       xor|   0|  0|   2|           1|           1|
    |xor_ln67_1223_fu_4053_p2          |       xor|   0|  0|   2|           1|           1|
    |xor_ln67_1224_fu_4059_p2          |       xor|   0|  0|   2|           1|           2|
    |xor_ln67_1225_fu_4077_p2          |       xor|   0|  0|   2|           1|           1|
    |xor_ln67_1226_fu_4083_p2          |       xor|   0|  0|   2|           1|           2|
    |xor_ln67_1227_fu_5457_p2          |       xor|   0|  0|   2|           1|           1|
    |xor_ln67_1228_fu_5462_p2          |       xor|   0|  0|   2|           1|           2|
    |xor_ln67_1229_fu_4101_p2          |       xor|   0|  0|   2|           1|           1|
    |xor_ln67_1230_fu_4107_p2          |       xor|   0|  0|   2|           1|           2|
    |xor_ln67_1231_fu_4125_p2          |       xor|   0|  0|   2|           1|           1|
    |xor_ln67_1232_fu_4131_p2          |       xor|   0|  0|   2|           1|           2|
    |xor_ln67_1233_fu_4149_p2          |       xor|   0|  0|   2|           1|           1|
    |xor_ln67_1234_fu_4155_p2          |       xor|   0|  0|   2|           1|           2|
    |xor_ln67_1235_fu_4173_p2          |       xor|   0|  0|   2|           1|           1|
    |xor_ln67_1236_fu_4179_p2          |       xor|   0|  0|   2|           1|           2|
    |xor_ln67_1237_fu_4197_p2          |       xor|   0|  0|   2|           1|           1|
    |xor_ln67_1238_fu_4203_p2          |       xor|   0|  0|   2|           1|           2|
    |xor_ln67_1239_fu_4221_p2          |       xor|   0|  0|   2|           1|           2|
    |xor_ln67_1240_fu_4227_p2          |       xor|   0|  0|   2|           1|           1|
    |xor_ln67_1241_fu_4245_p2          |       xor|   0|  0|   2|           1|           1|
    |xor_ln67_1242_fu_4251_p2          |       xor|   0|  0|   2|           1|           2|
    |xor_ln67_1243_fu_4269_p2          |       xor|   0|  0|   2|           1|           1|
    |xor_ln67_1244_fu_4275_p2          |       xor|   0|  0|   2|           1|           2|
    |xor_ln67_1245_fu_4293_p2          |       xor|   0|  0|   2|           1|           1|
    |xor_ln67_1246_fu_4299_p2          |       xor|   0|  0|   2|           1|           2|
    |xor_ln67_1247_fu_4317_p2          |       xor|   0|  0|   2|           1|           1|
    |xor_ln67_1248_fu_4323_p2          |       xor|   0|  0|   2|           1|           2|
    |xor_ln67_1249_fu_4341_p2          |       xor|   0|  0|   2|           1|           1|
    |xor_ln67_1250_fu_4347_p2          |       xor|   0|  0|   2|           1|           2|
    |xor_ln67_1251_fu_4365_p2          |       xor|   0|  0|   2|           1|           1|
    |xor_ln67_1252_fu_4371_p2          |       xor|   0|  0|   2|           1|           2|
    |xor_ln67_1253_fu_4389_p2          |       xor|   0|  0|   2|           1|           2|
    |xor_ln67_1254_fu_4395_p2          |       xor|   0|  0|   2|           1|           1|
    |xor_ln67_1255_fu_4413_p2          |       xor|   0|  0|   2|           1|           1|
    |xor_ln67_1256_fu_4419_p2          |       xor|   0|  0|   2|           1|           2|
    |xor_ln67_1257_fu_4437_p2          |       xor|   0|  0|   2|           1|           1|
    |xor_ln67_1258_fu_4443_p2          |       xor|   0|  0|   2|           1|           2|
    |xor_ln67_1259_fu_4461_p2          |       xor|   0|  0|   2|           1|           1|
    |xor_ln67_1260_fu_4467_p2          |       xor|   0|  0|   2|           1|           2|
    |xor_ln67_1261_fu_4485_p2          |       xor|   0|  0|   2|           1|           1|
    |xor_ln67_1262_fu_4491_p2          |       xor|   0|  0|   2|           1|           2|
    |xor_ln67_1263_fu_4509_p2          |       xor|   0|  0|   2|           1|           1|
    |xor_ln67_1264_fu_4515_p2          |       xor|   0|  0|   2|           1|           2|
    |xor_ln67_1265_fu_4533_p2          |       xor|   0|  0|   2|           1|           1|
    |xor_ln67_1266_fu_4539_p2          |       xor|   0|  0|   2|           1|           2|
    |xor_ln67_1267_fu_4557_p2          |       xor|   0|  0|   2|           1|           1|
    |xor_ln67_1268_fu_4563_p2          |       xor|   0|  0|   2|           1|           2|
    |xor_ln67_1269_fu_4581_p2          |       xor|   0|  0|   2|           1|           1|
    |xor_ln67_1270_fu_4587_p2          |       xor|   0|  0|   2|           1|           2|
    |xor_ln67_1271_fu_4605_p2          |       xor|   0|  0|   2|           1|           1|
    |xor_ln67_1272_fu_4611_p2          |       xor|   0|  0|   2|           1|           2|
    |xor_ln67_1273_fu_4629_p2          |       xor|   0|  0|   2|           1|           1|
    |xor_ln67_1274_fu_4635_p2          |       xor|   0|  0|   2|           1|           2|
    |xor_ln67_1275_fu_4653_p2          |       xor|   0|  0|   2|           1|           1|
    |xor_ln67_1276_fu_4659_p2          |       xor|   0|  0|   2|           1|           2|
    |xor_ln67_1277_fu_4677_p2          |       xor|   0|  0|   2|           1|           1|
    |xor_ln67_1278_fu_4683_p2          |       xor|   0|  0|   2|           1|           2|
    |xor_ln67_fu_1201_p2               |       xor|   0|  0|   2|           1|           1|
    +----------------------------------+----------+----+---+----+------------+------------+
    |Total                             |          |   0|  0|2537|        1221|        1113|
    +----------------------------------+----------+----+---+----+------------+------------+

    * Multiplexer: 
    +----------------------------------+----+-----------+-----+-----------+
    |               Name               | LUT| Input Size| Bits| Total Bits|
    +----------------------------------+----+-----------+-----+-----------+
    |ap_done_int                       |   9|          2|    1|          2|
    |ap_enable_reg_pp0_iter1           |   9|          2|    1|          2|
    |ap_enable_reg_pp0_iter2           |   9|          2|    1|          2|
    |ap_phi_mux_inElem_phi_fu_498_p74  |  14|          3|   32|         96|
    |convInp_1_blk_n                   |   9|          2|    1|          2|
    |i_fu_204                          |   9|          2|   32|         64|
    |mvOut_m_buffer_6_blk_n            |   9|          2|    1|          2|
    |nf_4_fu_368                       |   9|          2|   32|         64|
    |sf_fu_200                         |   9|          2|   32|         64|
    |tile_fu_196                       |  14|          3|   32|         96|
    +----------------------------------+----+-----------+-----+-----------+
    |Total                             | 100|         22|  165|        394|
    +----------------------------------+----+-----------+-----+-----------+

    * Register: 
    +-----------------------------------+----+----+-----+-----------+
    |                Name               | FF | LUT| Bits| Const Bits|
    +-----------------------------------+----+----+-----+-----------+
    |add_ln169_512_reg_6055             |   2|   0|    2|          0|
    |add_ln169_514_reg_6060             |   2|   0|    2|          0|
    |add_ln169_515_reg_6065             |   2|   0|    2|          0|
    |add_ln169_518_reg_6070             |   2|   0|    2|          0|
    |add_ln169_519_reg_6075             |   2|   0|    2|          0|
    |add_ln169_521_reg_6080             |   2|   0|    2|          0|
    |add_ln169_522_reg_6085             |   2|   0|    2|          0|
    |add_ln169_526_reg_6090             |   2|   0|    2|          0|
    |add_ln169_527_reg_6095             |   2|   0|    2|          0|
    |add_ln169_529_reg_6100             |   2|   0|    2|          0|
    |add_ln169_530_reg_6105             |   2|   0|    2|          0|
    |add_ln169_533_reg_6110             |   2|   0|    2|          0|
    |add_ln169_534_reg_6115             |   2|   0|    2|          0|
    |add_ln169_536_reg_6120             |   2|   0|    2|          0|
    |add_ln169_538_reg_6125             |   2|   0|    2|          0|
    |add_ln169_542_reg_6370             |  16|   0|   16|          0|
    |add_ln169_544_reg_6135             |   2|   0|    2|          0|
    |add_ln169_546_reg_6140             |   2|   0|    2|          0|
    |add_ln169_547_reg_6145             |   2|   0|    2|          0|
    |add_ln169_550_reg_6150             |   2|   0|    2|          0|
    |add_ln169_551_reg_6155             |   2|   0|    2|          0|
    |add_ln169_553_reg_6160             |   2|   0|    2|          0|
    |add_ln169_554_reg_6165             |   2|   0|    2|          0|
    |add_ln169_558_reg_6170             |   2|   0|    2|          0|
    |add_ln169_559_reg_6175             |   2|   0|    2|          0|
    |add_ln169_561_reg_6180             |   2|   0|    2|          0|
    |add_ln169_562_reg_6185             |   2|   0|    2|          0|
    |add_ln169_565_reg_6190             |   2|   0|    2|          0|
    |add_ln169_566_reg_6195             |   2|   0|    2|          0|
    |add_ln169_568_reg_6200             |   2|   0|    2|          0|
    |add_ln169_570_reg_6205             |   2|   0|    2|          0|
    |add_ln169_574_reg_6375             |  16|   0|   16|          0|
    |add_ln169_576_reg_6215             |   2|   0|    2|          0|
    |add_ln169_578_reg_6220             |   2|   0|    2|          0|
    |add_ln169_579_reg_6225             |   2|   0|    2|          0|
    |add_ln169_582_reg_6230             |   2|   0|    2|          0|
    |add_ln169_583_reg_6235             |   2|   0|    2|          0|
    |add_ln169_585_reg_6240             |   2|   0|    2|          0|
    |add_ln169_586_reg_6245             |   2|   0|    2|          0|
    |add_ln169_590_reg_6250             |   2|   0|    2|          0|
    |add_ln169_591_reg_6255             |   2|   0|    2|          0|
    |add_ln169_593_reg_6260             |   2|   0|    2|          0|
    |add_ln169_594_reg_6265             |   2|   0|    2|          0|
    |add_ln169_597_reg_6270             |   2|   0|    2|          0|
    |add_ln169_598_reg_6275             |   2|   0|    2|          0|
    |add_ln169_600_reg_6280             |   2|   0|    2|          0|
    |add_ln169_602_reg_6285             |   2|   0|    2|          0|
    |add_ln169_606_reg_6380             |  16|   0|   16|          0|
    |add_ln169_608_reg_6295             |   2|   0|    2|          0|
    |add_ln169_610_reg_6300             |   2|   0|    2|          0|
    |add_ln169_611_reg_6305             |   2|   0|    2|          0|
    |add_ln169_614_reg_6310             |   2|   0|    2|          0|
    |add_ln169_615_reg_6315             |   2|   0|    2|          0|
    |add_ln169_617_reg_6320             |   2|   0|    2|          0|
    |add_ln169_618_reg_6325             |   2|   0|    2|          0|
    |add_ln169_622_reg_6330             |   2|   0|    2|          0|
    |add_ln169_623_reg_6335             |   2|   0|    2|          0|
    |add_ln169_625_reg_6340             |   2|   0|    2|          0|
    |add_ln169_626_reg_6345             |   2|   0|    2|          0|
    |add_ln169_629_reg_6350             |   2|   0|    2|          0|
    |add_ln169_630_reg_6355             |   2|   0|    2|          0|
    |add_ln169_632_reg_6360             |   2|   0|    2|          0|
    |add_ln169_634_reg_6365             |   2|   0|    2|          0|
    |add_ln169_638_reg_6385             |  16|   0|   16|          0|
    |ap_CS_fsm                          |   1|   0|    1|          0|
    |ap_done_reg                        |   1|   0|    1|          0|
    |ap_enable_reg_pp0_iter1            |   1|   0|    1|          0|
    |ap_enable_reg_pp0_iter2            |   1|   0|    1|          0|
    |ap_enable_reg_pp0_iter3            |   1|   0|    1|          0|
    |ap_enable_reg_pp0_iter4            |   1|   0|    1|          0|
    |ap_loop_exit_ready_pp0_iter2_reg   |   1|   0|    1|          0|
    |ap_loop_exit_ready_pp0_iter3_reg   |   1|   0|    1|          0|
    |i_fu_204                           |  32|   0|   32|          0|
    |icmp_ln122_reg_5997                |   1|   0|    1|          0|
    |icmp_ln125_reg_6006                |   1|   0|    1|          0|
    |icmp_ln137_reg_6010                |   1|   0|    1|          0|
    |icmp_ln137_reg_6010_pp0_iter2_reg  |   1|   0|    1|          0|
    |icmp_ln159_reg_6038                |   1|   0|    1|          0|
    |inputBuf_37_fu_228                 |  32|   0|   32|          0|
    |inputBuf_38_fu_232                 |  32|   0|   32|          0|
    |inputBuf_39_fu_236                 |  32|   0|   32|          0|
    |inputBuf_40_fu_240                 |  32|   0|   32|          0|
    |inputBuf_41_fu_244                 |  32|   0|   32|          0|
    |inputBuf_42_fu_248                 |  32|   0|   32|          0|
    |inputBuf_43_fu_252                 |  32|   0|   32|          0|
    |inputBuf_44_fu_256                 |  32|   0|   32|          0|
    |inputBuf_45_fu_260                 |  32|   0|   32|          0|
    |inputBuf_46_fu_264                 |  32|   0|   32|          0|
    |inputBuf_47_fu_268                 |  32|   0|   32|          0|
    |inputBuf_48_fu_272                 |  32|   0|   32|          0|
    |inputBuf_49_fu_276                 |  32|   0|   32|          0|
    |inputBuf_50_fu_280                 |  32|   0|   32|          0|
    |inputBuf_51_fu_284                 |  32|   0|   32|          0|
    |inputBuf_52_fu_288                 |  32|   0|   32|          0|
    |inputBuf_53_fu_292                 |  32|   0|   32|          0|
    |inputBuf_54_fu_296                 |  32|   0|   32|          0|
    |inputBuf_55_fu_300                 |  32|   0|   32|          0|
    |inputBuf_56_fu_304                 |  32|   0|   32|          0|
    |inputBuf_57_fu_308                 |  32|   0|   32|          0|
    |inputBuf_58_fu_312                 |  32|   0|   32|          0|
    |inputBuf_59_fu_316                 |  32|   0|   32|          0|
    |inputBuf_60_fu_320                 |  32|   0|   32|          0|
    |inputBuf_61_fu_324                 |  32|   0|   32|          0|
    |inputBuf_62_fu_328                 |  32|   0|   32|          0|
    |inputBuf_63_fu_332                 |  32|   0|   32|          0|
    |inputBuf_64_fu_336                 |  32|   0|   32|          0|
    |inputBuf_65_fu_340                 |  32|   0|   32|          0|
    |inputBuf_66_fu_344                 |  32|   0|   32|          0|
    |inputBuf_67_fu_348                 |  32|   0|   32|          0|
    |inputBuf_68_fu_352                 |  32|   0|   32|          0|
    |inputBuf_69_fu_356                 |  32|   0|   32|          0|
    |inputBuf_70_fu_360                 |  32|   0|   32|          0|
    |inputBuf_71_fu_364                 |  32|   0|   32|          0|
    |inputBuf_fu_224                    |  32|   0|   32|          0|
    |nf_4_fu_368                        |  32|   0|   32|          0|
    |nf_6_reg_5992                      |  32|   0|   32|          0|
    |nf_6_reg_5992_pp0_iter2_reg        |  32|   0|   32|          0|
    |p_0_0_03747_i_fu_208               |  16|   0|   16|          0|
    |p_0_0_037_149_i_fu_212             |  16|   0|   16|          0|
    |p_0_0_037_251_i_fu_216             |  16|   0|   16|          0|
    |p_0_0_037_353_i_fu_220             |  16|   0|   16|          0|
    |sf_fu_200                          |  32|   0|   32|          0|
    |tile_fu_196                        |  32|   0|   32|          0|
    |tmp_1559_reg_6047                  |   1|   0|    1|          0|
    |trunc_ln117_reg_6001               |   6|   0|    6|          0|
    |wgt_47_reg_6130                    |  32|   0|   32|          0|
    |wgt_48_reg_6210                    |  32|   0|   32|          0|
    |wgt_49_reg_6290                    |  32|   0|   32|          0|
    |wgt_reg_6042                       |  32|   0|   32|          0|
    |icmp_ln159_reg_6038                |  64|  32|    1|          0|
    +-----------------------------------+----+----+-----+-----------+
    |Total                              |1804|  32| 1741|          0|
    +-----------------------------------+----+----+-----+-----------+



================================================================
== Interface
================================================================
* Summary: 
+---------------------------------+-----+-----+------------+----------------------------------------------------------+--------------+
|            RTL Ports            | Dir | Bits|  Protocol  |                       Source Object                      |    C Type    |
+---------------------------------+-----+-----+------------+----------------------------------------------------------+--------------+
|ap_clk                           |   in|    1|  ap_ctrl_hs|  Matrix_Vector_Activate_Batch.7_Pipeline_VITIS_LOOP_122_1|  return value|
|ap_rst                           |   in|    1|  ap_ctrl_hs|  Matrix_Vector_Activate_Batch.7_Pipeline_VITIS_LOOP_122_1|  return value|
|ap_start                         |   in|    1|  ap_ctrl_hs|  Matrix_Vector_Activate_Batch.7_Pipeline_VITIS_LOOP_122_1|  return value|
|ap_done                          |  out|    1|  ap_ctrl_hs|  Matrix_Vector_Activate_Batch.7_Pipeline_VITIS_LOOP_122_1|  return value|
|ap_idle                          |  out|    1|  ap_ctrl_hs|  Matrix_Vector_Activate_Batch.7_Pipeline_VITIS_LOOP_122_1|  return value|
|ap_ready                         |  out|    1|  ap_ctrl_hs|  Matrix_Vector_Activate_Batch.7_Pipeline_VITIS_LOOP_122_1|  return value|
|convInp_1_dout                   |   in|   32|     ap_fifo|                                                 convInp_1|       pointer|
|convInp_1_num_data_valid         |   in|    3|     ap_fifo|                                                 convInp_1|       pointer|
|convInp_1_fifo_cap               |   in|    3|     ap_fifo|                                                 convInp_1|       pointer|
|convInp_1_empty_n                |   in|    1|     ap_fifo|                                                 convInp_1|       pointer|
|convInp_1_read                   |  out|    1|     ap_fifo|                                                 convInp_1|       pointer|
|mvOut_m_buffer_6_din             |  out|    4|     ap_fifo|                                          mvOut_m_buffer_6|       pointer|
|mvOut_m_buffer_6_num_data_valid  |   in|    3|     ap_fifo|                                          mvOut_m_buffer_6|       pointer|
|mvOut_m_buffer_6_fifo_cap        |   in|    3|     ap_fifo|                                          mvOut_m_buffer_6|       pointer|
|mvOut_m_buffer_6_full_n          |   in|    1|     ap_fifo|                                          mvOut_m_buffer_6|       pointer|
|mvOut_m_buffer_6_write           |  out|    1|     ap_fifo|                                          mvOut_m_buffer_6|       pointer|
|mul_i                            |   in|   32|     ap_none|                                                     mul_i|        scalar|
|p_ZL8weights4_0_address0         |  out|   12|   ap_memory|                                           p_ZL8weights4_0|         array|
|p_ZL8weights4_0_ce0              |  out|    1|   ap_memory|                                           p_ZL8weights4_0|         array|
|p_ZL8weights4_0_q0               |   in|   32|   ap_memory|                                           p_ZL8weights4_0|         array|
|p_ZL8weights4_1_address0         |  out|   12|   ap_memory|                                           p_ZL8weights4_1|         array|
|p_ZL8weights4_1_ce0              |  out|    1|   ap_memory|                                           p_ZL8weights4_1|         array|
|p_ZL8weights4_1_q0               |   in|   32|   ap_memory|                                           p_ZL8weights4_1|         array|
|p_ZL8weights4_2_address0         |  out|   12|   ap_memory|                                           p_ZL8weights4_2|         array|
|p_ZL8weights4_2_ce0              |  out|    1|   ap_memory|                                           p_ZL8weights4_2|         array|
|p_ZL8weights4_2_q0               |   in|   32|   ap_memory|                                           p_ZL8weights4_2|         array|
|p_ZL8weights4_3_address0         |  out|   12|   ap_memory|                                           p_ZL8weights4_3|         array|
|p_ZL8weights4_3_ce0              |  out|    1|   ap_memory|                                           p_ZL8weights4_3|         array|
|p_ZL8weights4_3_q0               |   in|   32|   ap_memory|                                           p_ZL8weights4_3|         array|
|p_ZL8threshs4_0_address0         |  out|    6|   ap_memory|                                           p_ZL8threshs4_0|         array|
|p_ZL8threshs4_0_ce0              |  out|    1|   ap_memory|                                           p_ZL8threshs4_0|         array|
|p_ZL8threshs4_0_q0               |   in|   16|   ap_memory|                                           p_ZL8threshs4_0|         array|
|p_ZL8threshs4_1_address0         |  out|    6|   ap_memory|                                           p_ZL8threshs4_1|         array|
|p_ZL8threshs4_1_ce0              |  out|    1|   ap_memory|                                           p_ZL8threshs4_1|         array|
|p_ZL8threshs4_1_q0               |   in|   16|   ap_memory|                                           p_ZL8threshs4_1|         array|
|p_ZL8threshs4_2_address0         |  out|    6|   ap_memory|                                           p_ZL8threshs4_2|         array|
|p_ZL8threshs4_2_ce0              |  out|    1|   ap_memory|                                           p_ZL8threshs4_2|         array|
|p_ZL8threshs4_2_q0               |   in|   16|   ap_memory|                                           p_ZL8threshs4_2|         array|
|p_ZL8threshs4_3_address0         |  out|    6|   ap_memory|                                           p_ZL8threshs4_3|         array|
|p_ZL8threshs4_3_ce0              |  out|    1|   ap_memory|                                           p_ZL8threshs4_3|         array|
|p_ZL8threshs4_3_q0               |   in|   16|   ap_memory|                                           p_ZL8threshs4_3|         array|
+---------------------------------+-----+-----+------------+----------------------------------------------------------+--------------+

